<html>
<body>
<pre>
<h1>µVision Build Log</h1>
<h2>Tool Versions:</h2>
IDE-Version: ¦ÌVision V5.18.0.0
Copyright (C) 2016 ARM Ltd and ARM Germany GmbH. All rights reserved.
License Information: cfh cfh, cfh, LIC=Z3C74-F02V8-06PQU-SYVLU-ITF5F-WV3IE
 
Tool Versions:
Toolchain:       MDK-ARM Professional  Version: 5.18
Toolchain Path:  C:\Keil_v5\ARM\ARMCC\Bin
C Compiler:      Armcc.exe V5.06 update 1 (build 61)
Assembler:       Armasm.exe V5.06 update 1 (build 61)
Linker/Locator:  ArmLink.exe V5.06 update 1 (build 61)
Library Manager: ArmAr.exe V5.06 update 1 (build 61)
Hex Converter:   FromElf.exe V5.06 update 1 (build 61)
CPU DLL:         SARMCM3.DLL V5.18
Dialog DLL:      DARMCM1.DLL V1.12.0.0
Target DLL:      Nu_Link.dll V1.27
Dialog DLL:      TARMCM1.DLL V1.9.0.0
 
<h2>Project:</h2>
D:\Dropbox\github\V5.02.001_add_ADC_done - new\SampleCode\AudioCodec\NuOneExEnc\KEIL\NuOneExEnc.uvproj
Project File Date:  04/22/2016

<h2>Output:</h2>
*** Using Compiler 'V5.06 update 1 (build 61)', folder: 'C:\Keil_v5\ARM\ARMCC\Bin'
Build target 'NuOneExEnc'
creating preprocessor file for main.c...
creating preprocessor file for AppFunctions.c...
creating preprocessor file for AppCallback.c...
compiling main.c...
creating preprocessor file for InputKeyActions.c...
compiling AppFunctions.c...
compiling AppCallback.c...
creating preprocessor file for InterruptHandler.c...
compiling InputKeyActions.c...
creating preprocessor file for Powerdown.c...
creating preprocessor file for system_ISD9100.c...
compiling InterruptHandler.c...
assembling startup_ISD9100.s...
compiling Powerdown.c...
compiling system_ISD9100.c...
creating preprocessor file for NuOneExApp_Decode.c...
creating preprocessor file for NuOneExApp_Encode.c...
creating preprocessor file for AudioMixer.c...
compiling NuOneExApp_Decode.c...
compiling NuOneExApp_Encode.c...
creating preprocessor file for AudioRom.c...
compiling AudioMixer.c...
creating preprocessor file for BufCtrl.c...
creating preprocessor file for ConfigIO.c...
compiling AudioRom.c...
compiling BufCtrl.c...
creating preprocessor file for MicSpk.c...
compiling ConfigIO.c...
creating preprocessor file for Playback.c...
creating preprocessor file for Record.c...
compiling MicSpk.c...
creating preprocessor file for SPIFlashUtil.c...
compiling Playback.c...
compiling Record.c...
creating preprocessor file for SysClk.c...
creating preprocessor file for PdmaCtrl.c...
compiling SPIFlashUtil.c...
compiling SysClk.c...
creating preprocessor file for SPIFlash.c...
compiling PdmaCtrl.c...
creating preprocessor file for Keypad.c...
creating preprocessor file for acmp.c...
compiling SPIFlash.c...
compiling Keypad.c...
compiling acmp.c...
creating preprocessor file for adc.c...
creating preprocessor file for biq.c...
creating preprocessor file for bod.c...
compiling adc.c...
compiling biq.c...
creating preprocessor file for capsense.c...
compiling bod.c...
creating preprocessor file for clk.c...
creating preprocessor file for CRC.c...
compiling capsense.c...
compiling clk.c...
creating preprocessor file for dpwm.c...
compiling CRC.c...
creating preprocessor file for fmc.c...
creating preprocessor file for gpio.c...
compiling dpwm.c...
creating preprocessor file for i2c.c...
compiling fmc.c...
compiling gpio.c...
creating preprocessor file for i2s.c...
creating preprocessor file for pdma.c...
compiling i2c.c...
compiling i2s.c...
creating preprocessor file for pwm.c...
compiling pdma.c...
creating preprocessor file for retarget.c...
creating preprocessor file for rtc.c...
compiling pwm.c...
compiling retarget.c...
creating preprocessor file for spi.c...
creating preprocessor file for sys.c...
compiling rtc.c...
creating preprocessor file for talarm.c...
compiling spi.c...
compiling sys.c...
creating preprocessor file for timer.c...
creating preprocessor file for uart.c...
compiling talarm.c...
compiling timer.c...
creating preprocessor file for wdt.c...
compiling uart.c...
compiling wdt.c...
linking...
.\NuOneExEnc.axf: Warning: C3912W: Option 'device' is deprecated.
Program Size: Code=20344 RO-data=16184 RW-data=108 ZI-data=5044  
After Build - User command #1: fromelf --bincombined --output "D:\Dropbox\github\V5.02.001_add_ADC_done - new\SampleCode\AudioCodec\NuOneExEnc\KEIL\NuOneExEnc.bin" "D:\Dropbox\github\V5.02.001_add_ADC_done - new\SampleCode\AudioCodec\NuOneExEnc\KEIL\NuOneExEnc.axf"
".\NuOneExEnc.axf" - 0 Error(s), 1 Warning(s).
Build Time Elapsed:  00:00:19
</pre>
</body>
</html>
