Component: ARM Compiler 5.06 update 1 (build 61) Tool: armlink [4d35a8]

==============================================================================

Small function inlining results

Inlined function __aeabi_idiv0 from aeabi_idiv0.o at offset 0x1e2 in aeabi_sdivfast.o(.text).
Inlined Instruction: BX       lr
Inlined function __aeabi_idiv0 from aeabi_idiv0.o at offset 0x1e2 in aeabi_sdivfast_div0.o(.text).
Inlined Instruction: BX       lr
Inlined function _platform_pre_stackheap_init from boardinit1.o at offset 0x0 in __rtentry2.o(.ARM.Collect$$rtentry$$00000001).
Inlined Instruction: BX       lr
Inlined function _fp_init from fpinit.o at offset 0x0 in libinit2.o(.ARM.Collect$$libinit$$00000001).
Inlined Instruction: BX       lr
Inlined function _platform_pre_lib_shutdown from boardshut.o at offset 0x0 in rtexit2.o(.ARM.Collect$$rtexit$$00000001).
Inlined Instruction: BX       lr
Inlined function __ARM_get_argv from no_argv.o at offset 0x2 in argv_veneer.o(.text).
Inlined Instruction: BX       lr
Inlined total of 6 calls.

==============================================================================

Section Cross References

    main.o(i.SPIFlash_Initiate) refers to clk.o(i.CLK_EnableModuleClock) for CLK_EnableModuleClock
    main.o(i.SPIFlash_Initiate) refers to sys.o(i.SYS_ResetModule) for SYS_ResetModule
    main.o(i.SPIFlash_Initiate) refers to spiflash.o(i.SPIFlash_Open) for SPIFlash_Open
    main.o(i.SPIFlash_Initiate) refers to spiflash.o(i.SPIFlash_PowerDown) for SPIFlash_PowerDown
    main.o(i.SPIFlash_Initiate) refers to spiflash.o(i.SPIFlash_Read) for SPIFlash_Read
    main.o(i.SPIFlash_Initiate) refers to spiflash.o(i.SPIFlash_GetChipInfo) for SPIFlash_GetChipInfo
    main.o(i.SPIFlash_Initiate) refers to main.o(.bss) for g_sSpiFlash
    main.o(i.main) refers to sysclk.o(i.SysClk_InitiateRC) for SysClk_InitiateRC
    main.o(i.main) refers to clk.o(i.CLK_EnableLDO) for CLK_EnableLDO
    main.o(i.main) refers to main.o(i.SPIFlash_Initiate) for SPIFlash_Initiate
    main.o(i.main) refers to configio.o(i.OutputPin_Initiate) for OutputPin_Initiate
    main.o(i.main) refers to configio.o(i.InputKey_Initiate) for InputKey_Initiate
    main.o(i.main) refers to pdmactrl.o(i.PdmaCtrl_Init) for PdmaCtrl_Init
    main.o(i.main) refers to micspk.o(i.SPK_Open) for SPK_Open
    main.o(i.main) refers to micspk.o(i.MIC_Open) for MIC_Open
    main.o(i.main) refers to appfunctions.o(i.App_Initiate) for App_Initiate
    main.o(i.main) refers to appfunctions.o(i.App_ProcessRec) for App_ProcessRec
    main.o(i.main) refers to appfunctions.o(i.App_StopRec) for App_StopRec
    main.o(i.main) refers to appfunctions.o(i.App_ProcessPlay) for App_ProcessPlay
    main.o(i.main) refers to appfunctions.o(i.App_StopPlay) for App_StopPlay
    main.o(i.main) refers to keypad.o(i.Keypad_ScanTgr) for Keypad_ScanTgr
    main.o(i.main) refers to main.o(.data) for g_u8AppCtrl
    appfunctions.o(i.App_Initiate) refers to playback.o(i.Playback_Initiate) for Playback_Initiate
    appfunctions.o(i.App_Initiate) refers to configio.o(i.OutputPin_Set) for OutputPin_Set
    appfunctions.o(i.App_Initiate) refers to main.o(.data) for g_u8AppCtrl
    appfunctions.o(i.App_PowerDown) refers to appfunctions.o(i.App_StopPlay) for App_StopPlay
    appfunctions.o(i.App_PowerDown) refers to appfunctions.o(i.App_StopRec) for App_StopRec
    appfunctions.o(i.App_PowerDown) refers to powerdown.o(i.PowerDown_Enter) for PowerDown_Enter
    appfunctions.o(i.App_PowerDown) refers to powerdown.o(i.PowerDown) for PowerDown
    appfunctions.o(i.App_PowerDown) refers to powerdown.o(i.PowerDown_Exit) for PowerDown_Exit
    appfunctions.o(i.App_ProcessPlay) refers to nuoneexapp_decode.o(i.NuOneExApp_DecodeProcess) for NuOneExApp_DecodeProcess
    appfunctions.o(i.App_ProcessPlay) refers to main.o(.bss) for g_sApp
    appfunctions.o(i.App_ProcessRec) refers to spiflashutil.o(i.SPIFlashUtil_WriteEncodeData) for SPIFlashUtil_WriteEncodeData
    appfunctions.o(i.App_ProcessRec) refers to nuoneexapp_encode.o(i.NuOneExApp_EncodeProcess) for NuOneExApp_EncodeProcess
    appfunctions.o(i.App_ProcessRec) refers to main.o(.bss) for g_sApp
    appfunctions.o(i.App_ProcessRec) refers to spiflashutil.o(.data) for g_u32SPIFlashRecAddr
    appfunctions.o(i.App_ReadVR) refers to _printf_percent.o(.ARM.Collect$$_printf_percent$$00000000) for _printf_percent
    appfunctions.o(i.App_ReadVR) refers to _printf_u.o(.ARM.Collect$$_printf_percent$$0000000A) for _printf_u
    appfunctions.o(i.App_ReadVR) refers to _printf_dec.o(.text) for _printf_int_dec
    appfunctions.o(i.App_ReadVR) refers to noretval__2printf.o(.text) for __2printf
    appfunctions.o(i.App_ReadVR) refers to appfunctions.o(i.App_ReadVRInit) for App_ReadVRInit
    appfunctions.o(i.App_ReadVR) refers to adc.o(i.ADC_SetGPIOChannel) for ADC_SetGPIOChannel
    appfunctions.o(i.App_ReadVR) refers to adc.o(i.ADC_EnableInt) for ADC_EnableInt
[...]
    i.SPIFlash_Erase                         0x00002be0   Section        0  spiflash.o(i.SPIFlash_Erase)
    i.SPIFlash_EraseStart                    0x00002c08   Section        0  spiflash.o(i.SPIFlash_EraseStart)
    i.SPIFlash_GetChipInfo                   0x00002c20   Section        0  spiflash.o(i.SPIFlash_GetChipInfo)
    i.SPIFlash_Initiate                      0x00002d14   Section        0  main.o(i.SPIFlash_Initiate)
    i.SPIFlash_Open                          0x00002d9c   Section        0  spiflash.o(i.SPIFlash_Open)
    i.SPIFlash_PowerDown                     0x00002e0c   Section        0  spiflash.o(i.SPIFlash_PowerDown)
    i.SPIFlash_Read                          0x00002e20   Section        0  spiflash.o(i.SPIFlash_Read)
    i.SPIFlash_ReadData                      0x00002e3e   Section        0  spiflash.o(i.SPIFlash_ReadData)
    i.SPIFlash_ReadDataCallback              0x00002f14   Section        0  appcallback.o(i.SPIFlash_ReadDataCallback)
    i.SPIFlash_ReadEnd                       0x00002f30   Section        0  spiflash.o(i.SPIFlash_ReadEnd)
    i.SPIFlash_ReadStart                     0x00002f48   Section        0  spiflash.o(i.SPIFlash_ReadStart)
    i.SPIFlash_ReadStatusReg                 0x00002fb6   Section        0  spiflash.o(i.SPIFlash_ReadStatusReg)
    i.SPIFlash_SendRecOneData                0x00002fd0   Section        0  spiflash.o(i.SPIFlash_SendRecOneData)
    i.SPIFlash_WaitReady                     0x00003022   Section        0  spiflash.o(i.SPIFlash_WaitReady)
    i.SPIFlash_Write                         0x00003034   Section        0  spiflash.o(i.SPIFlash_Write)
    i.SPIFlash_WriteData                     0x0000306c   Section        0  spiflash.o(i.SPIFlash_WriteData)
    i.SPIFlash_WriteEnd                      0x00003172   Section        0  spiflash.o(i.SPIFlash_WriteEnd)
    i.SPIFlash_WriteStart                    0x0000318a   Section        0  spiflash.o(i.SPIFlash_WriteStart)
    i.SPI_GetBusClock                        0x000031e4   Section        0  spi.o(i.SPI_GetBusClock)
    i.SPI_Open                               0x000031fc   Section        0  spi.o(i.SPI_Open)
    i.SPI_SetBusClock                        0x00003224   Section        0  spi.o(i.SPI_SetBusClock)
    i.SPI_SetVarClock                        0x00003274   Section        0  spi.o(i.SPI_SetVarClock)
    i.SPK_ChangeSR                           0x000032bc   Section        0  micspk.o(i.SPK_ChangeSR)
    i.SPK_Open                               0x000032f8   Section        0  micspk.o(i.SPK_Open)
    i.SPK_Start                              0x00003370   Section        0  micspk.o(i.SPK_Start)
    i.SPK_Stop                               0x00003394   Section        0  micspk.o(i.SPK_Stop)
    i.SYS_Lock                               0x000033a8   Section        0  sys.o(i.SYS_Lock)
    i.SYS_ResetModule                        0x000033b8   Section        0  sys.o(i.SYS_ResetModule)
    i.SYS_Unlock                             0x000033e8   Section        0  sys.o(i.SYS_Unlock)
    i.SendChar                               0x00003418   Section        0  retarget.o(i.SendChar)
    i.SendChar_ToUART                        0x00003424   Section        0  retarget.o(i.SendChar_ToUART)
    i.SysClk_InitiateRC                      0x00003458   Section        0  sysclk.o(i.SysClk_InitiateRC)
    i.SystemCoreClockUpdate                  0x000034b0   Section        0  system_isd9100.o(i.SystemCoreClockUpdate)
    i.TIMER_GetModuleClock                   0x00003518   Section        0  timer.o(i.TIMER_GetModuleClock)
    i.TIMER_GetWorkingFreq                   0x0000357c   Section        0  timer.o(i.TIMER_GetWorkingFreq)
    i.TIMER_Open                             0x0000359c   Section        0  timer.o(i.TIMER_Open)
    i.TMR0_IRQHandler                        0x00003614   Section        0  interrupthandler.o(i.TMR0_IRQHandler)
    i.TMR1_IRQHandler                        0x00003624   Section        0  interrupthandler.o(i.TMR1_IRQHandler)
    i.UserEvent_ProcessCallback              0x0000363c   Section        0  appcallback.o(i.UserEvent_ProcessCallback)
    i.WDT_IRQHandler                         0x00003642   Section        0  interrupthandler.o(i.WDT_IRQHandler)
    i.__ARM_common_switch8                   0x00003644   Section        0  pdma.o(i.__ARM_common_switch8)
    i._is_digit                              0x00003660   Section        0  __printf_wp.o(i._is_digit)
    i.delay_ms                               0x0000366e   Section        0  inputkeyactions.o(i.delay_ms)
    i.f_categorize                           0x00003688   Section        0  nuonecodec.o(i.f_categorize)
    i.f_dct_type_iv_s_point_transforms_2     0x00003908   Section        0  nuonedecode.o(i.f_dct_type_iv_s_point_transforms_2)
    i.f_dct_type_iv_s_rotation_butterflies   0x000039c4   Section        0  nuonedecode.o(i.f_dct_type_iv_s_rotation_butterflies)
    i.f_dct_type_iv_s_sum_diff_butterflies   0x00003b14   Section        0  nuonedecode.o(i.f_dct_type_iv_s_sum_diff_butterflies)
    i.f_decoder                              0x00003be8   Section        0  nuonedecode.o(i.f_decoder)
    f_decoder                                0x00003be9   Thumb Code   702  nuonedecode.o(i.f_decoder)
    i.f_encoder                              0x00003eb4   Section        0  nuoneencode.o(i.f_encoder)
    f_encoder                                0x00003eb5   Thumb Code  1372  nuoneencode.o(i.f_encoder)
    i.f_get_n_bit                            0x00004414   Section        0  nuonedecode.o(i.f_get_n_bit)
    f_get_n_bit                              0x00004415   Thumb Code   110  nuonedecode.o(i.f_get_n_bit)
    i.f_look_up_category_5_6                 0x00004488   Section        0  nuonedecode.o(i.f_look_up_category_5_6)
    i.f_look_up_category_7                   0x00004538   Section        0  nuonedecode.o(i.f_look_up_category_7)
    i.f_look_up_category_less_than_7         0x000045e0   Section        0  nuonedecode.o(i.f_look_up_category_less_than_7)
    i.f_rmlt_coefs_to_samples                0x00004820   Section        0  nuonedecode.o(i.f_rmlt_coefs_to_samples)
    f_rmlt_coefs_to_samples                  0x00004821   Thumb Code   500  nuonedecode.o(i.f_rmlt_coefs_to_samples)
    i.f_samples_to_rmlt_coefs                0x00004a28   Section        0  nuoneencode.o(i.f_samples_to_rmlt_coefs)
    f_samples_to_rmlt_coefs                  0x00004a29   Thumb Code  1020  nuoneencode.o(i.f_samples_to_rmlt_coefs)
    i.f_vector_huffman                       0x00004e24   Section        0  nuoneencode.o(i.f_vector_huffman)
    f_vector_huffman                         0x00004e25   Thumb Code   344  nuoneencode.o(i.f_vector_huffman)
    i.ferror                                 0x00004fa0   Section        0  retarget.o(i.ferror)
    i.fputc                                  0x00004fa8   Section        0  retarget.o(i.fputc)
    i.main                                   0x00004fb8   Section        0  main.o(i.main)
    .constdata                               0x0000502c   Section       16  appcallback.o(.constdata)
    x$fpl$usenofp                            0x0000502c   Section        0  usenofp.o(x$fpl$usenofp)
    .constdata                               0x0000503c   Section      250  configio.o(.constdata)
    .constdata                               0x00005138   Section       68  micspk.o(.constdata)
    .constdata                               0x0000517c   Section       52  playback.o(.constdata)
    .constdata                               0x000051b0   Section       20  timer.o(.constdata)
    .constdata                               0x000051c4   Section     2316  nuonedecode.o(.constdata)
    t_noise_fill_factor                      0x000051c4   Data           6  nuonedecode.o(.constdata)
    t_vector_dimension                       0x000051ca   Data           8  nuonedecode.o(.constdata)
    t_number_of_vectors                      0x000051d2   Data           8  nuonedecode.o(.constdata)
    t_max_bin                                0x000051da   Data           8  nuonedecode.o(.constdata)
    t_rmlt_to_samples_window_SUB             0x000051e2   Data         320  nuonedecode.o(.constdata)
    t_dither                                 0x00005322   Data         320  nuonedecode.o(.constdata)
    t_dct_core_s                             0x00005462   Data         200  nuonedecode.o(.constdata)
    tp_s_cos_msin_table                      0x0000552c   Data          20  nuonedecode.o(.constdata)
    t_syn_bias_7khz                          0x00005540   Data         320  nuonedecode.o(.constdata)
    t_differential_region_power_decoder_tree 0x00005680   Data         644  nuonedecode.o(.constdata)
    t_int_region_standard_deviation_table    0x00005904   Data         128  nuonedecode.o(.constdata)
    tp_table_of_decoder_tables_MIX           0x00005984   Data          28  nuonedecode.o(.constdata)
    t_mlt_quant_centroid                     0x000059a0   Data         256  nuonedecode.o(.constdata)
    t_max_bin_plus_one_inverse               0x00005aa0   Data          16  nuonedecode.o(.constdata)
    .constdata                               0x00005ad0   Section       40  nuonedecode.o(.constdata)
    t_s_cos_msin_02                          0x00005ad0   Data          40  nuonedecode.o(.constdata)
    .constdata                               0x00005af8   Section       80  nuonedecode.o(.constdata)
    t_s_cos_msin_04                          0x00005af8   Data          80  nuonedecode.o(.constdata)
    .constdata                               0x00005b48   Section      160  nuonedecode.o(.constdata)
    t_s_cos_msin_08                          0x00005b48   Data         160  nuonedecode.o(.constdata)
    .constdata                               0x00005be8   Section      320  nuonedecode.o(.constdata)
    t_s_cos_msin_16                          0x00005be8   Data         320  nuonedecode.o(.constdata)
    .constdata                               0x00005d28   Section      640  nuonedecode.o(.constdata)
    t_s_cos_msin_32                          0x00005d28   Data         640  nuonedecode.o(.constdata)
    .constdata                               0x00005fa8   Section      540  nuonedecode.o(.constdata)
    t_mlt_decoder_tree_category_0_MIX        0x00005fa8   Data         540  nuonedecode.o(.constdata)
    .constdata                               0x000061c4   Section      279  nuonedecode.o(.constdata)
    t_mlt_decoder_tree_category_1_MIX        0x000061c4   Data         279  nuonedecode.o(.constdata)
    .constdata                               0x000062db   Section      141  nuonedecode.o(.constdata)
    t_mlt_decoder_tree_category_2_MIX        0x000062db   Data         141  nuonedecode.o(.constdata)
    .constdata                               0x00006368   Section     1557  nuonedecode.o(.constdata)
    t_mlt_decoder_tree_category_3_MIX        0x00006368   Data        1557  nuonedecode.o(.constdata)
    .constdata                               0x0000697d   Section      624  nuonedecode.o(.constdata)
    t_mlt_decoder_tree_category_4_MIX        0x0000697d   Data         624  nuonedecode.o(.constdata)
    .constdata                               0x00006bed   Section      573  nuonedecode.o(.constdata)
    t_mlt_decoder_tree_category_5_MIX        0x00006bed   Data         573  nuonedecode.o(.constdata)
    .constdata                               0x00006e2a   Section       93  nuonedecode.o(.constdata)
    t_mlt_decoder_tree_category_6_MIX        0x00006e2a   Data          93  nuonedecode.o(.constdata)
    .constdata                               0x00006e88   Section     2436  nuoneencode.o(.constdata)
    t_vector_dimension                       0x00006e88   Data           8  nuoneencode.o(.constdata)
    t_number_of_vectors                      0x00006e90   Data           8  nuoneencode.o(.constdata)
    t_max_bin                                0x00006e98   Data           8  nuoneencode.o(.constdata)
    t_int_dead_zone_low_bits                 0x00006ea0   Data           8  nuoneencode.o(.constdata)
    t_samples_to_rmlt_window                 0x00006ea8   Data         640  nuoneencode.o(.constdata)
    t_anal_bias                              0x00007128   Data         320  nuoneencode.o(.constdata)
    t_dct_core_a                             0x00007268   Data         200  nuoneencode.o(.constdata)
    tp_a_cos_msin_table                      0x00007330   Data          20  nuoneencode.o(.constdata)
    t_differential_region_power_bits         0x00007344   Data         336  nuoneencode.o(.constdata)
    t_differential_region_power_codes        0x00007494   Data         672  nuoneencode.o(.constdata)
    tp_table_of_bitcount_tables              0x00007734   Data          28  nuoneencode.o(.constdata)
    tp_table_of_code_tables                  0x00007750   Data          28  nuoneencode.o(.constdata)
    t_step_size_inverse_table                0x0000776c   Data          16  nuoneencode.o(.constdata)
    t_standard_deviation_inverse_table       0x0000777c   Data         128  nuoneencode.o(.constdata)
    t_int_dead_zone                          0x000077fc   Data          16  nuoneencode.o(.constdata)
    .constdata                               0x0000780c   Section       40  nuoneencode.o(.constdata)
    t_a_cos_msin_02                          0x0000780c   Data          40  nuoneencode.o(.constdata)
    .constdata                               0x00007834   Section       80  nuoneencode.o(.constdata)
    t_a_cos_msin_04                          0x00007834   Data          80  nuoneencode.o(.constdata)
    .constdata                               0x00007884   Section      160  nuoneencode.o(.constdata)
    t_a_cos_msin_08                          0x00007884   Data         160  nuoneencode.o(.constdata)
    .constdata                               0x00007924   Section      320  nuoneencode.o(.constdata)
    t_a_cos_msin_16                          0x00007924   Data         320  nuoneencode.o(.constdata)
    .constdata                               0x00007a64   Section      640  nuoneencode.o(.constdata)
    t_a_cos_msin_32                          0x00007a64   Data         640  nuoneencode.o(.constdata)
    .constdata                               0x00007ce4   Section      196  nuoneencode.o(.constdata)
    t_mlt_sqvh_bitcount_category_0           0x00007ce4   Data         196  nuoneencode.o(.constdata)
    .constdata                               0x00007da8   Section      100  nuoneencode.o(.constdata)
    t_mlt_sqvh_bitcount_category_1           0x00007da8   Data         100  nuoneencode.o(.constdata)
    .constdata                               0x00007e0c   Section       49  nuoneencode.o(.constdata)
    t_mlt_sqvh_bitcount_category_2           0x00007e0c   Data          49  nuoneencode.o(.constdata)
    .constdata                               0x00007e3d   Section      625  nuoneencode.o(.constdata)
    t_mlt_sqvh_bitcount_category_3           0x00007e3d   Data         625  nuoneencode.o(.constdata)
    .constdata                               0x000080ae   Section      256  nuoneencode.o(.constdata)
    t_mlt_sqvh_bitcount_category_4           0x000080ae   Data         256  nuoneencode.o(.constdata)
    .constdata                               0x000081ae   Section      243  nuoneencode.o(.constdata)
    t_mlt_sqvh_bitcount_category_5           0x000081ae   Data         243  nuoneencode.o(.constdata)
    .constdata                               0x000082a1   Section       32  nuoneencode.o(.constdata)
    t_mlt_sqvh_bitcount_category_6           0x000082a1   Data          32  nuoneencode.o(.constdata)
    .constdata                               0x000082c2   Section      392  nuoneencode.o(.constdata)
    t_mlt_sqvh_code_category_0               0x000082c2   Data         392  nuoneencode.o(.constdata)
    .constdata                               0x0000844a   Section      200  nuoneencode.o(.constdata)
    t_mlt_sqvh_code_category_1               0x0000844a   Data         200  nuoneencode.o(.constdata)
    .constdata                               0x00008512   Section       98  nuoneencode.o(.constdata)
    t_mlt_sqvh_code_category_2               0x00008512   Data          98  nuoneencode.o(.constdata)
    .constdata                               0x00008574   Section     1250  nuoneencode.o(.constdata)
    t_mlt_sqvh_code_category_3               0x00008574   Data        1250  nuoneencode.o(.constdata)
    .constdata                               0x00008a56   Section      512  nuoneencode.o(.constdata)
    t_mlt_sqvh_code_category_4               0x00008a56   Data         512  nuoneencode.o(.constdata)
    .constdata                               0x00008c56   Section      486  nuoneencode.o(.constdata)
    t_mlt_sqvh_code_category_5               0x00008c56   Data         486  nuoneencode.o(.constdata)
    .constdata                               0x00008e3c   Section       64  nuoneencode.o(.constdata)
    t_mlt_sqvh_code_category_6               0x00008e3c   Data          64  nuoneencode.o(.constdata)
    .constdata                               0x00008e7c   Section        8  nuonecodec.o(.constdata)
    t_expected_bits_table                    0x00008e7c   Data           8  nuonecodec.o(.constdata)
    STACK                                    0x20000000   Section     1024  startup_isd9100.o(STACK)
    Stack_Mem                                0x20000000   Data        1024  startup_isd9100.o(STACK)
    .data                                    0x20000400   Section        4  main.o(.data)
    __initial_sp                             0x20000400   Data           0  startup_isd9100.o(STACK)
    .data                                    0x20000404   Section        1  inputkeyactions.o(.data)
    IsRunning                                0x20000404   Data           1  inputkeyactions.o(.data)
    .data                                    0x20000408   Section       28  system_isd9100.o(.data)
    .data                                    0x20000424   Section       22  playback.o(.data)
    s_u8PlayCtrl                             0x20000424   Data           1  playback.o(.data)
    s_u8FlaushCnt                            0x20000439   Data           1  playback.o(.data)
    .data                                    0x2000043c   Section        8  record.o(.data)
    s_pi16AdcBuf                             0x2000043c   Data           4  record.o(.data)
    .data                                    0x20000444   Section       21  spiflashutil.o(.data)
    u8SPiFlashCtrl                           0x20000458   Data           1  spiflashutil.o(.data)
    .data                                    0x2000045a   Section       10  keypad.o(.data)
    s_u16TgrDebounceCounter                  0x2000045a   Data           2  keypad.o(.data)
    s_u16KeyDebounceCounter                  0x2000045c   Data           2  keypad.o(.data)
    s_u8CapSenseIRQFlag                      0x2000045e   Data           1  keypad.o(.data)
    .data                                    0x20000464   Section        8  retarget.o(.data)
    .bss                                     0x2000046c   Section     3256  main.o(.bss)
    .bss                                     0x20001124   Section       32  interrupthandler.o(.bss)
    .bss                                     0x20001144   Section      120  keypad.o(.bss)
    s_sKeypadKeyCtrlHandler                  0x20001144   Data          32  keypad.o(.bss)
    s_sKeypadTgrCtrlHandler                  0x20001164   Data          20  keypad.o(.bss)
    s_sKeypadTouchCtrlHandler                0x20001178   Data          68  keypad.o(.bss)
    .bss                                     0x200011bc   Section       96  libspace.o(.bss)
    HEAP                                     0x20001220   Section      512  startup_isd9100.o(HEAP)
    Heap_Mem                                 0x20001220   Data         512  startup_isd9100.o(HEAP)

    Global Symbols

    Symbol Name                              Value     Ov Type        Size  Object(Section)

    BuildAttributes$$THM_ISAv3M$S$PE$A:L22$X:L11$S22$IEEE1$IW$USESV6$~STKCKD$USESV7$~SHL$OTIME$ROPI$EBA8$UX$STANDARDLIB$REQ8$PRES8$EABIv2 0x00000000   Number         0  anon$$obj.o ABSOLUTE
    __ARM_use_no_argv                        0x00000000   Number         0  main.o ABSOLUTE
    __Vectors                                0x00000000   Data           4  startup_isd9100.o(RESET)
    _printf_flags                            0x00000000   Number         0  printf_stubs.o ABSOLUTE
    _printf_return_value                     0x00000000   Number         0  printf_stubs.o ABSOLUTE
    _printf_sizespec                         0x00000000   Number         0  printf_stubs.o ABSOLUTE
    _printf_widthprec                        0x00000000   Number         0  printf_stubs.o ABSOLUTE
    __ARM_exceptions_init                     - Undefined Weak Reference
    __alloca_initialize                       - Undefined Weak Reference
    __arm_preinit_                            - Undefined Weak Reference
    __cpp_initialize__aeabi_                  - Undefined Weak Reference
    __cxa_finalize                            - Undefined Weak Reference
    __rt_locale                               - Undefined Weak Reference
    __sigvec_lookup                           - Undefined Weak Reference
    _atexit_init                              - Undefined Weak Reference
    _call_atexit_fns                          - Undefined Weak Reference
    _clock_init                               - Undefined Weak Reference
    _fp_trap_init                             - Undefined Weak Reference
    _fp_trap_shutdown                         - Undefined Weak Reference
    _get_lc_collate                           - Undefined Weak Reference
    _get_lc_ctype                             - Undefined Weak Reference
    _get_lc_monetary                          - Undefined Weak Reference
    _get_lc_numeric                           - Undefined Weak Reference
    _get_lc_time                              - Undefined Weak Reference
    _getenv_init                              - Undefined Weak Reference
    _handle_redirection                       - Undefined Weak Reference
    _init_alloc                               - Undefined Weak Reference
    _init_user_alloc                          - Undefined Weak Reference
    _initio                                   - Undefined Weak Reference
    _printf_post_padding                      - Undefined Weak Reference
    _printf_pre_padding                       - Undefined Weak Reference
    _printf_truncate_signed                   - Undefined Weak Reference
    _printf_truncate_unsigned                 - Undefined Weak Reference
    _rand_init                                - Undefined Weak Reference
    _signal_finish                            - Undefined Weak Reference
    _signal_init                              - Undefined Weak Reference
    _terminate_alloc                          - Undefined Weak Reference
    _terminate_user_alloc                     - Undefined Weak Reference
    _terminateio                              - Undefined Weak Reference
    __main                                   0x000000c1   Thumb Code     8  __main.o(!!!main)
    __scatterload                            0x000000c9   Thumb Code     0  __scatter.o(!!!scatter)
    __scatterload_rt2                        0x000000c9   Thumb Code    52  __scatter.o(!!!scatter)
    __scatterload_rt2_thumb_only             0x000000c9   Thumb Code     0  __scatter.o(!!!scatter)
    __scatterload_null                       0x000000d9   Thumb Code     0  __scatter.o(!!!scatter)
    __scatterload_copy                       0x00000105   Thumb Code    26  __scatter_copy.o(!!handler_copy)
    __scatterload_zeroinit                   0x00000121   Thumb Code    28  __scatter_zi.o(!!handler_zi)
    _printf_percent                          0x0000013d   Thumb Code     0  _printf_percent.o(.ARM.Collect$$_printf_percent$$00000000)
    _printf_d                                0x0000013f   Thumb Code     0  _printf_d.o(.ARM.Collect$$_printf_percent$$00000009)
    _printf_u                                0x00000149   Thumb Code     0  _printf_u.o(.ARM.Collect$$_printf_percent$$0000000A)
    _printf_percent_end                      0x00000153   Thumb Code     0  _printf_percent_end.o(.ARM.Collect$$_printf_percent$$00000017)
    __rt_lib_init                            0x00000157   Thumb Code     0  libinit.o(.ARM.Collect$$libinit$$00000000)
    __rt_lib_init_alloca_1                   0x00000159   Thumb Code     0  libinit2.o(.ARM.Collect$$libinit$$0000002E)
    __rt_lib_init_argv_1                     0x00000159   Thumb Code     0  libinit2.o(.ARM.Collect$$libinit$$0000002C)
    __rt_lib_init_atexit_1                   0x00000159   Thumb Code     0  libinit2.o(.ARM.Collect$$libinit$$0000001B)
    __rt_lib_init_clock_1                    0x00000159   Thumb Code     0  libinit2.o(.ARM.Collect$$libinit$$00000021)
    __rt_lib_init_cpp_1                      0x00000159   Thumb Code     0  libinit2.o(.ARM.Collect$$libinit$$00000032)
    __rt_lib_init_exceptions_1               0x00000159   Thumb Code     0  libinit2.o(.ARM.Collect$$libinit$$00000030)
    __rt_lib_init_fp_1                       0x00000159   Thumb Code     0  libinit2.o(.ARM.Collect$$libinit$$00000002)
    __rt_lib_init_fp_trap_1                  0x00000159   Thumb Code     0  libinit2.o(.ARM.Collect$$libinit$$0000001F)
    __rt_lib_init_getenv_1                   0x00000159   Thumb Code     0  libinit2.o(.ARM.Collect$$libinit$$00000023)
    __rt_lib_init_heap_1                     0x00000159   Thumb Code     0  libinit2.o(.ARM.Collect$$libinit$$0000000A)
    __rt_lib_init_lc_collate_1               0x00000159   Thumb Code     0  libinit2.o(.ARM.Collect$$libinit$$00000011)
    __rt_lib_init_lc_ctype_1                 0x00000159   Thumb Code     0  libinit2.o(.ARM.Collect$$libinit$$00000013)
    __rt_lib_init_lc_monetary_1              0x00000159   Thumb Code     0  libinit2.o(.ARM.Collect$$libinit$$00000015)
    __rt_lib_init_lc_numeric_1               0x00000159   Thumb Code     0  libinit2.o(.ARM.Collect$$libinit$$00000017)
    __rt_lib_init_lc_time_1                  0x00000159   Thumb Code     0  libinit2.o(.ARM.Collect$$libinit$$00000019)
    __rt_lib_init_preinit_1                  0x00000159   Thumb Code     0  libinit2.o(.ARM.Collect$$libinit$$00000004)
    __rt_lib_init_rand_1                     0x00000159   Thumb Code     0  libinit2.o(.ARM.Collect$$libinit$$0000000E)
    __rt_lib_init_return                     0x00000159   Thumb Code     0  libinit2.o(.ARM.Collect$$libinit$$00000033)
    __rt_lib_init_signal_1                   0x00000159   Thumb Code     0  libinit2.o(.ARM.Collect$$libinit$$0000001D)
    __rt_lib_init_stdio_1                    0x00000159   Thumb Code     0  libinit2.o(.ARM.Collect$$libinit$$00000025)
    __rt_lib_init_user_alloc_1               0x00000159   Thumb Code     0  libinit2.o(.ARM.Collect$$libinit$$0000000C)
    __rt_lib_shutdown                        0x0000015b   Thumb Code     0  libshutdown.o(.ARM.Collect$$libshutdown$$00000000)
    __rt_lib_shutdown_cpp_1                  0x0000015d   Thumb Code     0  libshutdown2.o(.ARM.Collect$$libshutdown$$00000002)
    __rt_lib_shutdown_fp_trap_1              0x0000015d   Thumb Code     0  libshutdown2.o(.ARM.Collect$$libshutdown$$00000007)
    __rt_lib_shutdown_heap_1                 0x0000015d   Thumb Code     0  libshutdown2.o(.ARM.Collect$$libshutdown$$0000000F)
    __rt_lib_shutdown_return                 0x0000015d   Thumb Code     0  libshutdown2.o(.ARM.Collect$$libshutdown$$00000010)
    __rt_lib_shutdown_signal_1               0x0000015d   Thumb Code     0  libshutdown2.o(.ARM.Collect$$libshutdown$$0000000A)
    __rt_lib_shutdown_stdio_1                0x0000015d   Thumb Code     0  libshutdown2.o(.ARM.Collect$$libshutdown$$00000004)
    __rt_lib_shutdown_user_alloc_1           0x0000015d   Thumb Code     0  libshutdown2.o(.ARM.Collect$$libshutdown$$0000000C)
    __rt_entry                               0x0000015f   Thumb Code     0  __rtentry.o(.ARM.Collect$$rtentry$$00000000)
    __rt_entry_presh_1                       0x0000015f   Thumb Code     0  __rtentry2.o(.ARM.Collect$$rtentry$$00000002)
    __rt_entry_sh                            0x0000015f   Thumb Code     0  __rtentry4.o(.ARM.Collect$$rtentry$$00000004)
    __rt_entry_li                            0x00000165   Thumb Code     0  __rtentry2.o(.ARM.Collect$$rtentry$$0000000A)
    __rt_entry_postsh_1                      0x00000165   Thumb Code     0  __rtentry2.o(.ARM.Collect$$rtentry$$00000009)
    __rt_entry_main                          0x00000169   Thumb Code     0  __rtentry2.o(.ARM.Collect$$rtentry$$0000000D)
    __rt_entry_postli_1                      0x00000169   Thumb Code     0  __rtentry2.o(.ARM.Collect$$rtentry$$0000000C)
    __rt_exit                                0x00000171   Thumb Code     0  rtexit.o(.ARM.Collect$$rtexit$$00000000)
    __rt_exit_ls                             0x00000173   Thumb Code     0  rtexit2.o(.ARM.Collect$$rtexit$$00000003)
    __rt_exit_prels_1                        0x00000173   Thumb Code     0  rtexit2.o(.ARM.Collect$$rtexit$$00000002)
    __rt_exit_exit                           0x00000177   Thumb Code     0  rtexit2.o(.ARM.Collect$$rtexit$$00000004)
    __aeabi_memcpy4                          0x0000017d   Thumb Code    56  rt_memcpy.o(.emb_text)
    __aeabi_memcpy8                          0x0000017d   Thumb Code     0  rt_memcpy.o(.emb_text)
    Reset_Handler                            0x000001b5   Thumb Code    28  startup_isd9100.o(.text)
    NMI_Handler                              0x000001d1   Thumb Code     2  startup_isd9100.o(.text)
    HardFault_Handler                        0x000001d3   Thumb Code     2  startup_isd9100.o(.text)
    SVC_Handler                              0x000001d5   Thumb Code     2  startup_isd9100.o(.text)
    PendSV_Handler                           0x000001d7   Thumb Code     2  startup_isd9100.o(.text)
    SysTick_Handler                          0x000001d9   Thumb Code     2  startup_isd9100.o(.text)
    ACMP_IRQHandler                          0x000001db   Thumb Code     0  startup_isd9100.o(.text)
    ADC_IRQHandler                           0x000001db   Thumb Code     0  startup_isd9100.o(.text)
    ALC_IRQHandler                           0x000001db   Thumb Code     0  startup_isd9100.o(.text)
    BOD_IRQHandler                           0x000001db   Thumb Code     0  startup_isd9100.o(.text)
    EINT0_IRQHandler                         0x000001db   Thumb Code     0  startup_isd9100.o(.text)
    EINT1_IRQHandler                         0x000001db   Thumb Code     0  startup_isd9100.o(.text)
    I2C0_IRQHandler                          0x000001db   Thumb Code     0  startup_isd9100.o(.text)
    I2S_IRQHandler                           0x000001db   Thumb Code     0  startup_isd9100.o(.text)
    PWM0_IRQHandler                          0x000001db   Thumb Code     0  startup_isd9100.o(.text)
    SPI0_IRQHandler                          0x000001db   Thumb Code     0  startup_isd9100.o(.text)
    TALARM_IRQHandler                        0x000001db   Thumb Code     0  startup_isd9100.o(.text)
    UART0_IRQHandler                         0x000001db   Thumb Code     0  startup_isd9100.o(.text)
    __user_initial_stackheap                 0x000001dd   Thumb Code     0  startup_isd9100.o(.text)
    __2printf                                0x00000215   Thumb Code    22  noretval__2printf.o(.text)
    _printf_int_dec                          0x00000231   Thumb Code    90  _printf_dec.o(.text)
    __printf                                 0x0000029d   Thumb Code   270  __printf_wp.o(.text)
    _memset_w                                0x000003ab   Thumb Code    26  rt_memclr.o(.text)
    _memset                                  0x000003c5   Thumb Code    30  rt_memclr.o(.text)
    __aeabi_memclr                           0x000003e3   Thumb Code     4  rt_memclr.o(.text)
    __rt_memclr                              0x000003e3   Thumb Code     0  rt_memclr.o(.text)
    __aeabi_memclr4                          0x000003e7   Thumb Code     0  rt_memclr.o(.text)
    __aeabi_memclr8                          0x000003e7   Thumb Code     0  rt_memclr.o(.text)
    __rt_memclr_w                            0x000003e7   Thumb Code     4  rt_memclr.o(.text)
    __aeabi_uidiv                            0x000003eb   Thumb Code     0  aeabi_sdivfast.o(.text)
    __aeabi_uidivmod                         0x000003eb   Thumb Code    28  aeabi_sdivfast.o(.text)
    __aeabi_idiv                             0x00000407   Thumb Code     0  aeabi_sdivfast.o(.text)
    __aeabi_idivmod                          0x00000407   Thumb Code   460  aeabi_sdivfast.o(.text)
    __use_two_region_memory                  0x000005d3   Thumb Code     2  heapauxi.o(.text)
    __rt_heap_escrow$2region                 0x000005d5   Thumb Code     2  heapauxi.o(.text)
    __rt_heap_expand$2region                 0x000005d7   Thumb Code     2  heapauxi.o(.text)
    __aeabi_d2uiz                            0x000005d9   Thumb Code     0  dfixui.o(.text)
    _dfixu                                   0x000005d9   Thumb Code    68  dfixui.o(.text)
    __aeabi_i2d_normalise                    0x00000621   Thumb Code    66  dflti.o(.text)
    __aeabi_i2d                              0x00000663   Thumb Code    16  dflti.o(.text)
    _dflt                                    0x00000663   Thumb Code     0  dflti.o(.text)
    __aeabi_ui2d                             0x00000673   Thumb Code     6  dflti.o(.text)
    _dfltu                                   0x00000673   Thumb Code     0  dflti.o(.text)
    __aeabi_dmul                             0x00000679   Thumb Code     0  dmul.o(.text)
    _dmul                                    0x00000679   Thumb Code   558  dmul.o(.text)
    _printf_int_common                       0x000008c1   Thumb Code   176  _printf_intcommon.o(.text)
    _printf_char_file                        0x00000971   Thumb Code    34  _printf_char_file.o(.text)
    __rt_udiv10                              0x00000999   Thumb Code    40  rtudiv10.o(.text)
    _printf_char_common                      0x000009cb   Thumb Code    32  _printf_char_common.o(.text)
    __user_setup_stackheap                   0x000009f1   Thumb Code    62  sys_stackheap_outer.o(.text)
    exit                                     0x00000a2f   Thumb Code    16  exit.o(.text)
    __user_libspace                          0x00000a41   Thumb Code     8  libspace.o(.text)
    __user_perproc_libspace                  0x00000a41   Thumb Code     0  libspace.o(.text)
    __user_perthread_libspace                0x00000a41   Thumb Code     0  libspace.o(.text)
    _sys_exit                                0x00000a49   Thumb Code     8  sys_exit.o(.text)
    __I$use$semihosting                      0x00000a55   Thumb Code     0  use_no_semi.o(.text)
    __use_no_semihosting_swi                 0x00000a55   Thumb Code     2  use_no_semi.o(.text)
    __semihosting_library_function           0x00000a57   Thumb Code     0  indicate_semi.o(.text)
    ADC_EnableInt                            0x00000a59   Thumb Code   124  adc.o(i.ADC_EnableInt)
    ADC_EnableMICBias                        0x00000add   Thumb Code    14  adc.o(i.ADC_EnableMICBias)
    ADC_GetIntFlag                           0x00000af1   Thumb Code    60  adc.o(i.ADC_GetIntFlag)
    ADC_Open                                 0x00000b35   Thumb Code     2  adc.o(i.ADC_Open)
    ADC_SetAMUX                              0x00000b39   Thumb Code    86  adc.o(i.ADC_SetAMUX)
    ADC_SetGPIOChannel                       0x00000b99   Thumb Code    34  adc.o(i.ADC_SetGPIOChannel)
    ADC_SetPGAGaindB                         0x00000bc5   Thumb Code    52  adc.o(i.ADC_SetPGAGaindB)
    App_Initiate                             0x00000c05   Thumb Code    26  appfunctions.o(i.App_Initiate)
    App_ProcessPlay                          0x00000c29   Thumb Code    30  appfunctions.o(i.App_ProcessPlay)
    App_ProcessRec                           0x00000c4d   Thumb Code    34  appfunctions.o(i.App_ProcessRec)
    App_ReadVR                               0x00000c81   Thumb Code   122  appfunctions.o(i.App_ReadVR)
    App_ReadVRInit                           0x00000d41   Thumb Code   186  appfunctions.o(i.App_ReadVRInit)
    App_StartPlay                            0x00000e15   Thumb Code    54  appfunctions.o(i.App_StartPlay)
    App_StartRec                             0x00000e5d   Thumb Code    66  appfunctions.o(i.App_StartRec)
    App_StopPlay                             0x00000eb5   Thumb Code    40  appfunctions.o(i.App_StopPlay)
    App_StopRec                              0x00000ee9   Thumb Code    34  appfunctions.o(i.App_StopRec)
    BIQ_Reset                                0x00000f4d   Thumb Code    26  biq.o(i.BIQ_Reset)
    BIQ_SetCoeff                             0x00000f6d   Thumb Code   102  biq.o(i.BIQ_SetCoeff)
    BufCtrl_WriteWithCount                   0x00000fd9   Thumb Code    42  bufctrl.o(i.BufCtrl_WriteWithCount)
    CAPS_IRQHandler                          0x00001005   Thumb Code    16  interrupthandler.o(i.CAPS_IRQHandler)
    CLK_EnableLDO                            0x00001019   Thumb Code    56  clk.o(i.CLK_EnableLDO)
    CLK_EnableModuleClock                    0x00001059   Thumb Code    32  clk.o(i.CLK_EnableModuleClock)
    CLK_EnableXtalRC                         0x0000107d   Thumb Code    28  clk.o(i.CLK_EnableXtalRC)
    CLK_GetHCLKFreq                          0x0000109d   Thumb Code    12  clk.o(i.CLK_GetHCLKFreq)
    CLK_GetHIRCFreq                          0x000010ad   Thumb Code    18  clk.o(i.CLK_GetHIRCFreq)
    CLK_SetHCLK                              0x000010c9   Thumb Code    66  clk.o(i.CLK_SetHCLK)
    CLK_SetModuleClock                       0x00001111   Thumb Code    94  clk.o(i.CLK_SetModuleClock)
    CLK_SysTickDelay                         0x00001175   Thumb Code    36  clk.o(i.CLK_SysTickDelay)
    DPWM_Open                                0x000011a1   Thumb Code     2  dpwm.o(i.DPWM_Open)
    DPWM_SetSampleRate                       0x000011a5   Thumb Code    52  dpwm.o(i.DPWM_SetSampleRate)
    Default_KeyHandler                       0x000011e1   Thumb Code   394  inputkeyactions.o(i.Default_KeyHandler)
    GPAB_IRQHandler                          0x00001411   Thumb Code    26  interrupthandler.o(i.GPAB_IRQHandler)
    GPIO_SetMode                             0x00001435   Thumb Code    46  gpio.o(i.GPIO_SetMode)
    InputKey_Change                          0x00001465   Thumb Code    26  configio.o(i.InputKey_Change)
    InputKey_Initiate                        0x00001489   Thumb Code   204  configio.o(i.InputKey_Initiate)
    Keypad_InitKeypad                        0x00001571   Thumb Code    14  keypad.o(i.Keypad_InitKeypad)
    Keypad_InitTgr                           0x00001589   Thumb Code    42  keypad.o(i.Keypad_InitTgr)
    Keypad_ScanTgr                           0x000015bd   Thumb Code    84  keypad.o(i.Keypad_ScanTgr)
    Keypad_ScanTgrPort                       0x0000161d   Thumb Code    76  keypad.o(i.Keypad_ScanTgrPort)
    Keypad_TgrDecDebounceCounter             0x00001671   Thumb Code    30  keypad.o(i.Keypad_TgrDecDebounceCounter)
    Keypad_TgrMapHandler                     0x00001699   Thumb Code    94  keypad.o(i.Keypad_TgrMapHandler)
    MIC_ChangeSR                             0x00001701   Thumb Code    98  micspk.o(i.MIC_ChangeSR)
    MIC_Open                                 0x00001771   Thumb Code   182  micspk.o(i.MIC_Open)
    MIC_Start                                0x00001841   Thumb Code     8  micspk.o(i.MIC_Start)
    MIC_Stop                                 0x0000184d   Thumb Code    10  micspk.o(i.MIC_Stop)
    NuOneExApp_DecodeInitiate                0x00001871   Thumb Code    46  nuoneexapp_decode.o(i.NuOneExApp_DecodeInitiate)
    NuOneExApp_DecodeProcess                 0x000018a5   Thumb Code   212  nuoneexapp_decode.o(i.NuOneExApp_DecodeProcess)
    NuOneExApp_DecodeStartPlayByAddr         0x0000197d   Thumb Code   162  nuoneexapp_decode.o(i.NuOneExApp_DecodeStartPlayByAddr)
    NuOneExApp_EncodeEnd                     0x00001a25   Thumb Code    22  nuoneexapp_encode.o(i.NuOneExApp_EncodeEnd)
    NuOneExApp_EncodeInitiate                0x00001a3d   Thumb Code    68  nuoneexapp_encode.o(i.NuOneExApp_EncodeInitiate)
    NuOneExApp_EncodeProcess                 0x00001a85   Thumb Code   140  nuoneexapp_encode.o(i.NuOneExApp_EncodeProcess)
    NuOneExApp_EncodeStart                   0x00001b15   Thumb Code   138  nuoneexapp_encode.o(i.NuOneExApp_EncodeStart)
    NuOneEx_DecodeInitiate                   0x00001ba5   Thumb Code   182  nuoneex.o(i.NuOneEx_DecodeInitiate)
    NuOneEx_DecodeIsEnd                      0x00001c61   Thumb Code    16  nuoneex.o(i.NuOneEx_DecodeIsEnd)
    NuOneEx_DecodeProcess                    0x00001c71   Thumb Code   220  nuoneex.o(i.NuOneEx_DecodeProcess)
    NuOneEx_EncodeInitiate                   0x00001d4d   Thumb Code    32  nuoneex.o(i.NuOneEx_EncodeInitiate)
    NuOneEx_EncodeProcess                    0x00001d6d   Thumb Code    18  nuoneex.o(i.NuOneEx_EncodeProcess)
    NuOneXCodec_DecodeInitial                0x00001d7f   Thumb Code    48  nuonedecode.o(i.NuOneXCodec_DecodeInitial)
    NuOneXCodec_DecodeProcess                0x00001daf   Thumb Code    50  nuonedecode.o(i.NuOneXCodec_DecodeProcess)
    NuOneXCodec_EncodeInitial                0x00001de1   Thumb Code    20  nuoneencode.o(i.NuOneXCodec_EncodeInitial)
    NuOneXCodec_EncodeProcess                0x00001df5   Thumb Code    20  nuoneencode.o(i.NuOneXCodec_EncodeProcess)
    OutputPin_Initiate                       0x00001e09   Thumb Code   100  configio.o(i.OutputPin_Initiate)
    OutputPin_Set                            0x00001e71   Thumb Code    20  configio.o(i.OutputPin_Set)
    PDMA_DisableInt                          0x00001e85   Thumb Code    16  pdma.o(i.PDMA_DisableInt)
    PDMA_EnableInt                           0x00001e99   Thumb Code    16  pdma.o(i.PDMA_EnableInt)
    PDMA_IRQHandler                          0x00001ead   Thumb Code    52  interrupthandler.o(i.PDMA_IRQHandler)
    PDMA_Open                                0x00001ef1   Thumb Code    14  pdma.o(i.PDMA_Open)
    PDMA_SetTransferAddr                     0x00001f05   Thumb Code    30  pdma.o(i.PDMA_SetTransferAddr)
    PDMA_SetTransferCnt                      0x00001f29   Thumb Code    66  pdma.o(i.PDMA_SetTransferCnt)
    PDMA_SetTransferDirection                0x00001f71   Thumb Code    20  pdma.o(i.PDMA_SetTransferDirection)
    PDMA_SetTransferMode                     0x00001f89   Thumb Code   228  pdma.o(i.PDMA_SetTransferMode)
    PDMA_Trigger                             0x00002071   Thumb Code    16  pdma.o(i.PDMA_Trigger)
    PdmaCtrl_Init                            0x00002089   Thumb Code    34  pdmactrl.o(i.PdmaCtrl_Init)
    PdmaCtrl_Open                            0x000020b1   Thumb Code   148  pdmactrl.o(i.PdmaCtrl_Open)
    PdmaCtrl_Start                           0x0000214d   Thumb Code    42  pdmactrl.o(i.PdmaCtrl_Start)
    PdmaCtrl_Stop                            0x0000217d   Thumb Code    22  pdmactrl.o(i.PdmaCtrl_Stop)
    Playback_Add                             0x00002199   Thumb Code    58  playback.o(i.Playback_Add)
    Playback_AdjustVolumeDBStep              0x000021d9   Thumb Code    62  playback.o(i.Playback_AdjustVolumeDBStep)
    Playback_Initiate                        0x0000221d   Thumb Code    56  playback.o(i.Playback_Initiate)
    Playback_IsTargetVolume                  0x0000225d   Thumb Code    24  playback.o(i.Playback_IsTargetVolume)
    Playback_KeypadHandler                   0x00002279   Thumb Code    40  inputkeyactions.o(i.Playback_KeypadHandler)
    Playback_NeedUpdateOutputBuf             0x000022a5   Thumb Code    30  playback.o(i.Playback_NeedUpdateOutputBuf)
    Playback_Process                         0x000022c5   Thumb Code   238  playback.o(i.Playback_Process)
    Playback_ProcessVolume                   0x000023c9   Thumb Code   108  playback.o(i.Playback_ProcessVolume)
    Playback_ResetChannelVolume              0x00002441   Thumb Code    28  playback.o(i.Playback_ResetChannelVolume)
    Playback_SetOutputBuf                    0x00002465   Thumb Code    48  playback.o(i.Playback_SetOutputBuf)
    Playback_SetVolumeDB                     0x00002495   Thumb Code    60  playback.o(i.Playback_SetVolumeDB)
    Playback_StartPlay                       0x000024d9   Thumb Code   634  playback.o(i.Playback_StartPlay)
    Playback_StopPlay                        0x0000279d   Thumb Code   104  playback.o(i.Playback_StopPlay)
    Playback_UpdateOutputBuf                 0x00002811   Thumb Code    22  playback.o(i.Playback_UpdateOutputBuf)
    Playback_VolumeFadeOut                   0x00002829   Thumb Code    38  playback.o(i.Playback_VolumeFadeOut)
    RTC_IRQHandler                           0x00002855   Thumb Code     2  interrupthandler.o(i.RTC_IRQHandler)
    Record_Add                               0x00002859   Thumb Code    22  record.o(i.Record_Add)
    Record_KeypadHandler                     0x00002875   Thumb Code    36  inputkeyactions.o(i.Record_KeypadHandler)
    Record_Process                           0x0000289d   Thumb Code   114  record.o(i.Record_Process)
    Record_SetInBufRecord                    0x0000291d   Thumb Code    54  record.o(i.Record_SetInBufRecord)
    Record_StartRec                          0x00002955   Thumb Code    76  record.o(i.Record_StartRec)
    Record_StopRec                           0x000029b5   Thumb Code    26  record.o(i.Record_StopRec)
    SPIFlahUtil_StartWriteEncodeData         0x000029d5   Thumb Code    30  spiflashutil.o(i.SPIFlahUtil_StartWriteEncodeData)
    SPIFlashUtil_4KPagePartialWriteInitiate  0x000029f9   Thumb Code    64  spiflashutil.o(i.SPIFlashUtil_4KPagePartialWriteInitiate)
    SPIFlashUtil_4KPagePartialWriteStart     0x00002a49   Thumb Code    10  spiflashutil.o(i.SPIFlashUtil_4KPagePartialWriteStart)
    SPIFlashUtil_4KPagePartialWriteWithWait  0x00002a5d   Thumb Code    26  spiflashutil.o(i.SPIFlashUtil_4KPagePartialWriteWithWait)
    SPIFlashUtil_4KPagePartialWriting        0x00002a79   Thumb Code   170  spiflashutil.o(i.SPIFlashUtil_4KPagePartialWriting)
    SPIFlashUtil_EndWriteEncodeData          0x00002b3d   Thumb Code    56  spiflashutil.o(i.SPIFlashUtil_EndWriteEncodeData)
    SPIFlashUtil_WriteEncodeData             0x00002b81   Thumb Code    54  spiflashutil.o(i.SPIFlashUtil_WriteEncodeData)
    SPIFlash_CheckBusy                       0x00002bb7   Thumb Code    14  spiflash.o(i.SPIFlash_CheckBusy)
    SPIFlash_ChipWriteEnable                 0x00002bc5   Thumb Code    28  spiflash.o(i.SPIFlash_ChipWriteEnable)
    SPIFlash_Erase                           0x00002be1   Thumb Code    40  spiflash.o(i.SPIFlash_Erase)
    SPIFlash_EraseStart                      0x00002c09   Thumb Code    24  spiflash.o(i.SPIFlash_EraseStart)
    SPIFlash_GetChipInfo                     0x00002c21   Thumb Code   244  spiflash.o(i.SPIFlash_GetChipInfo)
    SPIFlash_Initiate                        0x00002d15   Thumb Code   114  main.o(i.SPIFlash_Initiate)
    SPIFlash_Open                            0x00002d9d   Thumb Code   112  spiflash.o(i.SPIFlash_Open)
    SPIFlash_PowerDown                       0x00002e0d   Thumb Code    20  spiflash.o(i.SPIFlash_PowerDown)
    SPIFlash_Read                            0x00002e21   Thumb Code    30  spiflash.o(i.SPIFlash_Read)
    SPIFlash_ReadData                        0x00002e3f   Thumb Code   212  spiflash.o(i.SPIFlash_ReadData)
    SPIFlash_ReadDataCallback                0x00002f15   Thumb Code    24  appcallback.o(i.SPIFlash_ReadDataCallback)
    SPIFlash_ReadEnd                         0x00002f31   Thumb Code    24  spiflash.o(i.SPIFlash_ReadEnd)
    SPIFlash_ReadStart                       0x00002f49   Thumb Code   110  spiflash.o(i.SPIFlash_ReadStart)
    SPIFlash_ReadStatusReg                   0x00002fb7   Thumb Code    26  spiflash.o(i.SPIFlash_ReadStatusReg)
    SPIFlash_SendRecOneData                  0x00002fd1   Thumb Code    82  spiflash.o(i.SPIFlash_SendRecOneData)
    SPIFlash_WaitReady                       0x00003023   Thumb Code    18  spiflash.o(i.SPIFlash_WaitReady)
    SPIFlash_Write                           0x00003035   Thumb Code    56  spiflash.o(i.SPIFlash_Write)
    SPIFlash_WriteData                       0x0000306d   Thumb Code   262  spiflash.o(i.SPIFlash_WriteData)
    SPIFlash_WriteEnd                        0x00003173   Thumb Code    24  spiflash.o(i.SPIFlash_WriteEnd)
    SPIFlash_WriteStart                      0x0000318b   Thumb Code    90  spiflash.o(i.SPIFlash_WriteStart)
    SPI_GetBusClock                          0x000031e5   Thumb Code    24  spi.o(i.SPI_GetBusClock)
    SPI_Open                                 0x000031fd   Thumb Code    40  spi.o(i.SPI_Open)
    SPI_SetBusClock                          0x00003225   Thumb Code    76  spi.o(i.SPI_SetBusClock)
    SPI_SetVarClock                          0x00003275   Thumb Code    66  spi.o(i.SPI_SetVarClock)
    SPK_ChangeSR                             0x000032bd   Thumb Code    46  micspk.o(i.SPK_ChangeSR)
    SPK_Open                                 0x000032f9   Thumb Code   104  micspk.o(i.SPK_Open)
    SPK_Start                                0x00003371   Thumb Code    32  micspk.o(i.SPK_Start)
    SPK_Stop                                 0x00003395   Thumb Code    14  micspk.o(i.SPK_Stop)
    SYS_Lock                                 0x000033a9   Thumb Code    12  sys.o(i.SYS_Lock)
    SYS_ResetModule                          0x000033b9   Thumb Code    48  sys.o(i.SYS_ResetModule)
    SYS_Unlock                               0x000033e9   Thumb Code    44  sys.o(i.SYS_Unlock)
    SendChar                                 0x00003419   Thumb Code    12  retarget.o(i.SendChar)
    SendChar_ToUART                          0x00003425   Thumb Code    48  retarget.o(i.SendChar_ToUART)
    SysClk_InitiateRC                        0x00003459   Thumb Code    78  sysclk.o(i.SysClk_InitiateRC)
    SystemCoreClockUpdate                    0x000034b1   Thumb Code    74  system_isd9100.o(i.SystemCoreClockUpdate)
    TIMER_GetModuleClock                     0x00003519   Thumb Code    82  timer.o(i.TIMER_GetModuleClock)
    TIMER_GetWorkingFreq                     0x0000357d   Thumb Code    32  timer.o(i.TIMER_GetWorkingFreq)
    TIMER_Open                               0x0000359d   Thumb Code   118  timer.o(i.TIMER_Open)
    TMR0_IRQHandler                          0x00003615   Thumb Code    12  interrupthandler.o(i.TMR0_IRQHandler)
    TMR1_IRQHandler                          0x00003625   Thumb Code    18  interrupthandler.o(i.TMR1_IRQHandler)
    UserEvent_ProcessCallback                0x0000363d   Thumb Code     6  appcallback.o(i.UserEvent_ProcessCallback)
    WDT_IRQHandler                           0x00003643   Thumb Code     2  interrupthandler.o(i.WDT_IRQHandler)
    __ARM_common_switch8                     0x00003645   Thumb Code    28  pdma.o(i.__ARM_common_switch8)
    _is_digit                                0x00003661   Thumb Code    14  __printf_wp.o(i._is_digit)
    delay_ms                                 0x0000366f   Thumb Code    24  inputkeyactions.o(i.delay_ms)
    f_categorize                             0x00003689   Thumb Code   634  nuonecodec.o(i.f_categorize)
    f_dct_type_iv_s_point_transforms_2       0x00003909   Thumb Code   184  nuonedecode.o(i.f_dct_type_iv_s_point_transforms_2)
    f_dct_type_iv_s_rotation_butterflies     0x000039c5   Thumb Code   324  nuonedecode.o(i.f_dct_type_iv_s_rotation_butterflies)
    f_dct_type_iv_s_sum_diff_butterflies     0x00003b15   Thumb Code   208  nuonedecode.o(i.f_dct_type_iv_s_sum_diff_butterflies)
    f_look_up_category_5_6                   0x00004489   Thumb Code   176  nuonedecode.o(i.f_look_up_category_5_6)
    f_look_up_category_7                     0x00004539   Thumb Code   166  nuonedecode.o(i.f_look_up_category_7)
    f_look_up_category_less_than_7           0x000045e1   Thumb Code   548  nuonedecode.o(i.f_look_up_category_less_than_7)
    ferror                                   0x00004fa1   Thumb Code     8  retarget.o(i.ferror)
    fputc                                    0x00004fa9   Thumb Code    16  retarget.o(i.fputc)
    main                                     0x00004fb9   Thumb Code   106  main.o(i.main)
    __I$use$fp                               0x0000502c   Number         0  usenofp.o(x$fpl$usenofp)
    g_asAppCallBack                          0x0000502c   Data          16  appcallback.o(.constdata)
    g_asMatrixKeyHandler                     0x0000503c   Data          16  configio.o(.constdata)
    g_au8MatrixKeyStateIndex                 0x0000504c   Data           1  configio.o(.constdata)
    g_asTriggerKeyHandler                    0x00005050   Data         228  configio.o(.constdata)
    g_au8TriggerKeyStateIndex                0x00005134   Data           2  configio.o(.constdata)
    g_u32BiqCoeff                            0x00005138   Data          60  micspk.o(.constdata)
    g_u32Playback_Volume_DB_Table            0x0000517c   Data          52  playback.o(.constdata)
    shift                                    0x00005ab0   Data          32  nuonedecode.o(.constdata)
    Region$$Table$$Base                      0x00008e84   Number         0  anon$$obj.o(Region$$Table)
    Region$$Table$$Limit                     0x00008ea4   Number         0  anon$$obj.o(Region$$Table)
    g_u8AppCtrl                              0x20000400   Data           1  main.o(.data)
    g_adcVR2volume                           0x20000401   Data           1  main.o(.data)
    playEndStatus                            0x20000402   Data           1  main.o(.data)
    recEndStatus                             0x20000403   Data           1  main.o(.data)
    SystemCoreClock                          0x20000408   Data           4  system_isd9100.o(.data)
    CyclesPerUs                              0x2000040c   Data           4  system_isd9100.o(.data)
    gau32ClkSrcTbl                           0x20000410   Data          12  system_isd9100.o(.data)
    gau32HiRCSrcTbl                          0x2000041c   Data           8  system_isd9100.o(.data)
    g_psDacBufCtrl                           0x20000428   Data           4  playback.o(.data)
    g_pi16PcmBuf                             0x2000042c   Data           4  playback.o(.data)
    g_sPlayback_VolumeControl                0x20000430   Data           8  playback.o(.data)
    g_u8DBDefaultIndex                       0x20000438   Data           1  playback.o(.data)
    g_psAdcBufCtrl                           0x20000440   Data           4  record.o(.data)
    g_u16PartialWriteDataLength              0x20000444   Data           2  spiflashutil.o(.data)
    g_pu8PartialWriteData                    0x20000448   Data           4  spiflashutil.o(.data)
    g_u32SPIFlashRecAddr                     0x2000044c   Data           4  spiflashutil.o(.data)
    g_u32SPIFlashRecStartAddr                0x20000450   Data           4  spiflashutil.o(.data)
    g_pfnSpiFlashWriteCallbck                0x20000454   Data           4  spiflashutil.o(.data)
    g_u16DebounceCount                       0x20000460   Data           2  keypad.o(.data)
    g_u16PressingCount                       0x20000462   Data           2  keypad.o(.data)
    __stdout                                 0x20000464   Data           4  retarget.o(.data)
    __stdin                                  0x20000468   Data           4  retarget.o(.data)
    g_sSpiFlash                              0x2000046c   Data          12  main.o(.bss)
    g_sApp                                   0x20000478   Data        3244  main.o(.bss)
    g_ai16DACSamples                         0x20001124   Data          16  interrupthandler.o(.bss)
    g_ai16ADCSamples                         0x20001134   Data          16  interrupthandler.o(.bss)
    __libspace_start                         0x200011bc   Data          96  libspace.o(.bss)
    __temporary_stack_top$libspace           0x2000121c   Data           0  libspace.o(.bss)



==============================================================================

Memory Map of the image

  Image Entry point : 0x000001b5

  Load Region _ROM (Base: 0x00000000, Size: 0x00008f10, Max: 0x00023400, ABSOLUTE)

    Execution Region _RESET (Base: 0x00000000, Size: 0x000000c0, Max: 0xffffffff, OVERLAY)

    Base Addr    Size         Type   Attr      Idx    E Section Name        Object

    0x00000000   0x000000c0   Data   RO          633    RESET               startup_isd9100.o


    Execution Region _CODE (Base: 0x000000c0, Size: 0x00008de4, Max: 0xffffffff, ABSOLUTE)

    Base Addr    Size         Type   Attr      Idx    E Section Name        Object

    0x000000c0   0x00000008   Code   RO         3608  * !!!main             c_p.l(__main.o)
    0x000000c8   0x0000003c   Code   RO         3793    !!!scatter          c_p.l(__scatter.o)
    0x00000104   0x0000001a   Code   RO         3795    !!handler_copy      c_p.l(__scatter_copy.o)
    0x0000011e   0x00000002   PAD
    0x00000120   0x0000001c   Code   RO         3797    !!handler_zi        c_p.l(__scatter_zi.o)
    0x0000013c   0x00000002   Code   RO         3595    .ARM.Collect$$_printf_percent$$00000000  c_p.l(_printf_percent.o)
    0x0000013e   0x0000000a   Code   RO         3593    .ARM.Collect$$_printf_percent$$00000009  c_p.l(_printf_d.o)
    0x00000148   0x0000000a   Code   RO         3594    .ARM.Collect$$_printf_percent$$0000000A  c_p.l(_printf_u.o)
    0x00000152   0x00000004   Code   RO         3625    .ARM.Collect$$_printf_percent$$00000017  c_p.l(_printf_percent_end.o)
    0x00000156   0x00000002   Code   RO         3664    .ARM.Collect$$libinit$$00000000  c_p.l(libinit.o)
    0x00000158   0x00000000   Code   RO         3678    .ARM.Collect$$libinit$$00000002  c_p.l(libinit2.o)
    0x00000158   0x00000000   Code   RO         3680    .ARM.Collect$$libinit$$00000004  c_p.l(libinit2.o)
    0x00000158   0x00000000   Code   RO         3683    .ARM.Collect$$libinit$$0000000A  c_p.l(libinit2.o)
    0x00000158   0x00000000   Code   RO         3685    .ARM.Collect$$libinit$$0000000C  c_p.l(libinit2.o)
    0x00000158   0x00000000   Code   RO         3687    .ARM.Collect$$libinit$$0000000E  c_p.l(libinit2.o)
    0x00000158   0x00000000   Code   RO         3690    .ARM.Collect$$libinit$$00000011  c_p.l(libinit2.o)
    0x00000158   0x00000000   Code   RO         3692    .ARM.Collect$$libinit$$00000013  c_p.l(libinit2.o)
    0x00000158   0x00000000   Code   RO         3694    .ARM.Collect$$libinit$$00000015  c_p.l(libinit2.o)
    0x00000158   0x00000000   Code   RO         3696    .ARM.Collect$$libinit$$00000017  c_p.l(libinit2.o)
    0x00000158   0x00000000   Code   RO         3698    .ARM.Collect$$libinit$$00000019  c_p.l(libinit2.o)
    0x00000158   0x00000000   Code   RO         3700    .ARM.Collect$$libinit$$0000001B  c_p.l(libinit2.o)
    0x00000158   0x00000000   Code   RO         3702    .ARM.Collect$$libinit$$0000001D  c_p.l(libinit2.o)
    0x00000158   0x00000000   Code   RO         3704    .ARM.Collect$$libinit$$0000001F  c_p.l(libinit2.o)
    0x00000158   0x00000000   Code   RO         3706    .ARM.Collect$$libinit$$00000021  c_p.l(libinit2.o)
    0x00000158   0x00000000   Code   RO         3708    .ARM.Collect$$libinit$$00000023  c_p.l(libinit2.o)
    0x00000158   0x00000000   Code   RO         3710    .ARM.Collect$$libinit$$00000025  c_p.l(libinit2.o)
    0x00000158   0x00000000   Code   RO         3714    .ARM.Collect$$libinit$$0000002C  c_p.l(libinit2.o)
    0x00000158   0x00000000   Code   RO         3716    .ARM.Collect$$libinit$$0000002E  c_p.l(libinit2.o)
    0x00000158   0x00000000   Code   RO         3718    .ARM.Collect$$libinit$$00000030  c_p.l(libinit2.o)
    0x00000158   0x00000000   Code   RO         3720    .ARM.Collect$$libinit$$00000032  c_p.l(libinit2.o)
    0x00000158   0x00000002   Code   RO         3721    .ARM.Collect$$libinit$$00000033  c_p.l(libinit2.o)
    0x0000015a   0x00000002   Code   RO         3750    .ARM.Collect$$libshutdown$$00000000  c_p.l(libshutdown.o)
    0x0000015c   0x00000000   Code   RO         3776    .ARM.Collect$$libshutdown$$00000002  c_p.l(libshutdown2.o)
    0x0000015c   0x00000000   Code   RO         3778    .ARM.Collect$$libshutdown$$00000004  c_p.l(libshutdown2.o)
    0x0000015c   0x00000000   Code   RO         3781    .ARM.Collect$$libshutdown$$00000007  c_p.l(libshutdown2.o)
    0x0000015c   0x00000000   Code   RO         3784    .ARM.Collect$$libshutdown$$0000000A  c_p.l(libshutdown2.o)
    0x0000015c   0x00000000   Code   RO         3786    .ARM.Collect$$libshutdown$$0000000C  c_p.l(libshutdown2.o)
    0x0000015c   0x00000000   Code   RO         3789    .ARM.Collect$$libshutdown$$0000000F  c_p.l(libshutdown2.o)
    0x0000015c   0x00000002   Code   RO         3790    .ARM.Collect$$libshutdown$$00000010  c_p.l(libshutdown2.o)
    0x0000015e   0x00000000   Code   RO         3616    .ARM.Collect$$rtentry$$00000000  c_p.l(__rtentry.o)
    0x0000015e   0x00000000   Code   RO         3630    .ARM.Collect$$rtentry$$00000002  c_p.l(__rtentry2.o)
    0x0000015e   0x00000006   Code   RO         3642    .ARM.Collect$$rtentry$$00000004  c_p.l(__rtentry4.o)
    0x00000164   0x00000000   Code   RO         3632    .ARM.Collect$$rtentry$$00000009  c_p.l(__rtentry2.o)
    0x00000164   0x00000004   Code   RO         3633    .ARM.Collect$$rtentry$$0000000A  c_p.l(__rtentry2.o)
    0x00000168   0x00000000   Code   RO         3635    .ARM.Collect$$rtentry$$0000000C  c_p.l(__rtentry2.o)
    0x00000168   0x00000008   Code   RO         3636    .ARM.Collect$$rtentry$$0000000D  c_p.l(__rtentry2.o)
    0x00000170   0x00000002   Code   RO         3669    .ARM.Collect$$rtexit$$00000000  c_p.l(rtexit.o)
    0x00000172   0x00000000   Code   RO         3725    .ARM.Collect$$rtexit$$00000002  c_p.l(rtexit2.o)
    0x00000172   0x00000004   Code   RO         3726    .ARM.Collect$$rtexit$$00000003  c_p.l(rtexit2.o)
    0x00000176   0x00000006   Code   RO         3727    .ARM.Collect$$rtexit$$00000004  c_p.l(rtexit2.o)
    0x0000017c   0x00000038   Code   RO         3596    .emb_text           c_p.l(rt_memcpy.o)
    0x000001b4   0x00000060   Code   RO          634  * .text               startup_isd9100.o
    0x00000214   0x0000001c   Code   RO         3545    .text               c_p.l(noretval__2printf.o)
    0x00000230   0x0000006c   Code   RO         3549    .text               c_p.l(_printf_dec.o)
    0x0000029c   0x0000010e   Code   RO         3580    .text               c_p.l(__printf_wp.o)
    0x000003aa   0x00000040   Code   RO         3600    .text               c_p.l(rt_memclr.o)
    0x000003ea   0x000001e8   Code   RO         3602    .text               c_p.l(aeabi_sdivfast.o)
    0x000005d2   0x00000006   Code   RO         3606    .text               c_p.l(heapauxi.o)
    0x000005d8   0x00000048   Code   RO         3610    .text               fz_ps.l(dfixui.o)
    0x00000620   0x00000058   Code   RO         3612    .text               fz_ps.l(dflti.o)
    0x00000678   0x00000248   Code   RO         3614    .text               fz_ps.l(dmul.o)
    0x000008c0   0x000000b0   Code   RO         3621    .text               c_p.l(_printf_intcommon.o)
    0x00000970   0x00000028   Code   RO         3623    .text               c_p.l(_printf_char_file.o)
    0x00000998   0x00000028   Code   RO         3626    .text               c_p.l(rtudiv10.o)
    0x000009c0   0x00000030   Code   RO         3646    .text               c_p.l(_printf_char_common.o)
    0x000009f0   0x0000003e   Code   RO         3648    .text               c_p.l(sys_stackheap_outer.o)
    0x00000a2e   0x00000010   Code   RO         3653    .text               c_p.l(exit.o)
    0x00000a3e   0x00000002   PAD
    0x00000a40   0x00000008   Code   RO         3665    .text               c_p.l(libspace.o)
    0x00000a48   0x0000000c   Code   RO         3722    .text               c_p.l(sys_exit.o)
    0x00000a54   0x00000002   Code   RO         3739    .text               c_p.l(use_no_semi.o)
    0x00000a56   0x00000000   Code   RO         3741    .text               c_p.l(indicate_semi.o)
    0x00000a56   0x00000002   PAD
    0x00000a58   0x00000084   Code   RO         1700    i.ADC_EnableInt     adc.o
    0x00000adc   0x00000014   Code   RO         1701    i.ADC_EnableMICBias  adc.o
    0x00000af0   0x00000044   Code   RO         1702    i.ADC_GetIntFlag    adc.o
    0x00000b34   0x00000002   Code   RO         1705    i.ADC_Open          adc.o
    0x00000b36   0x00000002   PAD
    0x00000b38   0x00000060   Code   RO         1709    i.ADC_SetAMUX       adc.o
    0x00000b98   0x0000002c   Code   RO         1710    i.ADC_SetGPIOChannel  adc.o
    0x00000bc4   0x00000040   Code   RO         1711    i.ADC_SetPGAGaindB  adc.o
    0x00000c04   0x00000024   Code   RO          197    i.App_Initiate      appfunctions.o
    0x00000c28   0x00000024   Code   RO          199    i.App_ProcessPlay   appfunctions.o
    0x00000c4c   0x00000034   Code   RO          200    i.App_ProcessRec    appfunctions.o
    0x00000c80   0x000000c0   Code   RO          201    i.App_ReadVR        appfunctions.o
    0x00000d40   0x000000d4   Code   RO          202    i.App_ReadVRInit    appfunctions.o
    0x00000e14   0x00000048   Code   RO          203    i.App_StartPlay     appfunctions.o
    0x00000e5c   0x00000058   Code   RO          204    i.App_StartRec      appfunctions.o
    0x00000eb4   0x00000034   Code   RO          205    i.App_StopPlay      appfunctions.o
    0x00000ee8   0x00000030   Code   RO          206    i.App_StopRec       appfunctions.o
    0x00000f18   0x00000034   Code   RO          908    i.BIQFilter_Setting  micspk.o
    0x00000f4c   0x00000020   Code   RO         1806    i.BIQ_Reset         biq.o
    0x00000f6c   0x0000006c   Code   RO         1807    i.BIQ_SetCoeff      biq.o
    0x00000fd8   0x0000002a   Code   RO          833    i.BufCtrl_WriteWithCount  bufctrl.o
    0x00001002   0x00000002   PAD
    0x00001004   0x00000014   Code   RO          403    i.CAPS_IRQHandler   interrupthandler.o
    0x00001018   0x00000040   Code   RO         1907    i.CLK_EnableLDO     clk.o
    0x00001058   0x00000024   Code   RO         1908    i.CLK_EnableModuleClock  clk.o
    0x0000107c   0x00000020   Code   RO         1909    i.CLK_EnableXtalRC  clk.o
    0x0000109c   0x00000010   Code   RO         1910    i.CLK_GetHCLKFreq   clk.o
    0x000010ac   0x0000001c   Code   RO         1911    i.CLK_GetHIRCFreq   clk.o
    0x000010c8   0x00000048   Code   RO         1913    i.CLK_SetHCLK       clk.o
    0x00001110   0x00000064   Code   RO         1914    i.CLK_SetModuleClock  clk.o
    0x00001174   0x0000002c   Code   RO         1918    i.CLK_SysTickDelay  clk.o
    0x000011a0   0x00000002   Code   RO         2058    i.DPWM_Open         dpwm.o
    0x000011a2   0x00000002   PAD
    0x000011a4   0x0000003c   Code   RO         2059    i.DPWM_SetSampleRate  dpwm.o
    0x000011e0   0x00000230   Code   RO          357    i.Default_KeyHandler  inputkeyactions.o
    0x00001410   0x00000024   Code   RO          404    i.GPAB_IRQHandler   interrupthandler.o
    0x00001434   0x0000002e   Code   RO         2212    i.GPIO_SetMode      gpio.o
    0x00001462   0x00000002   PAD
    0x00001464   0x00000024   Code   RO          858    i.InputKey_Change   configio.o
    0x00001488   0x000000e8   Code   RO          859    i.InputKey_Initiate  configio.o
    0x00001570   0x00000018   Code   RO         1517    i.Keypad_InitKeypad  keypad.o
    0x00001588   0x00000034   Code   RO         1518    i.Keypad_InitTgr    keypad.o
    0x000015bc   0x00000060   Code   RO         1527    i.Keypad_ScanTgr    keypad.o
    0x0000161c   0x00000054   Code   RO         1528    i.Keypad_ScanTgrPort  keypad.o
    0x00001670   0x00000028   Code   RO         1530    i.Keypad_TgrDecDebounceCounter  keypad.o
    0x00001698   0x00000068   Code   RO         1531    i.Keypad_TgrMapHandler  keypad.o
    0x00001700   0x00000070   Code   RO          909    i.MIC_ChangeSR      micspk.o
    0x00001770   0x000000d0   Code   RO          911    i.MIC_Open          micspk.o
    0x00001840   0x0000000c   Code   RO          912    i.MIC_Start         micspk.o
    0x0000184c   0x00000010   Code   RO          913    i.MIC_Stop          micspk.o
    0x0000185c   0x00000014   Code   RO         1290    i.NVIC_ClearPendingIRQ  pdmactrl.o
    0x00001870   0x00000034   Code   RO          640    i.NuOneExApp_DecodeInitiate  nuoneexapp_decode.o
    0x000018a4   0x000000d8   Code   RO          641    i.NuOneExApp_DecodeProcess  nuoneexapp_decode.o
    0x0000197c   0x000000a8   Code   RO          642    i.NuOneExApp_DecodeStartPlayByAddr  nuoneexapp_decode.o
    0x00001a24   0x00000016   Code   RO          712    i.NuOneExApp_EncodeEnd  nuoneexapp_encode.o
    0x00001a3a   0x00000002   PAD
    0x00001a3c   0x00000048   Code   RO          713    i.NuOneExApp_EncodeInitiate  nuoneexapp_encode.o
    0x00001a84   0x00000090   Code   RO          714    i.NuOneExApp_EncodeProcess  nuoneexapp_encode.o
    0x00001b14   0x00000090   Code   RO          715    i.NuOneExApp_EncodeStart  nuoneexapp_encode.o
    0x00001ba4   0x000000bc   Code   RO         3144    i.NuOneEx_DecodeInitiate  NuOneEx_Keil.lib(nuoneex.o)
    0x00001c60   0x00000010   Code   RO         3145    i.NuOneEx_DecodeIsEnd  NuOneEx_Keil.lib(nuoneex.o)
    0x00001c70   0x000000dc   Code   RO         3146    i.NuOneEx_DecodeProcess  NuOneEx_Keil.lib(nuoneex.o)
    0x00001d4c   0x00000020   Code   RO         3150    i.NuOneEx_EncodeInitiate  NuOneEx_Keil.lib(nuoneex.o)
    0x00001d6c   0x00000012   Code   RO         3151    i.NuOneEx_EncodeProcess  NuOneEx_Keil.lib(nuoneex.o)
    0x00001d7e   0x00000030   Code   RO         3324    i.NuOneXCodec_DecodeInitial  NuOneEx_Keil.lib(nuonedecode.o)
    0x00001dae   0x00000032   Code   RO         3325    i.NuOneXCodec_DecodeProcess  NuOneEx_Keil.lib(nuonedecode.o)
    0x00001de0   0x00000014   Code   RO         3431    i.NuOneXCodec_EncodeInitial  NuOneEx_Keil.lib(nuoneencode.o)
    0x00001df4   0x00000014   Code   RO         3432    i.NuOneXCodec_EncodeProcess  NuOneEx_Keil.lib(nuoneencode.o)
    0x00001e08   0x00000068   Code   RO          860    i.OutputPin_Initiate  configio.o
    0x00001e70   0x00000014   Code   RO          861    i.OutputPin_Set     configio.o
    0x00001e84   0x00000014   Code   RO         2411    i.PDMA_DisableInt   pdma.o
    0x00001e98   0x00000014   Code   RO         2412    i.PDMA_EnableInt    pdma.o
    0x00001eac   0x00000044   Code   RO          405    i.PDMA_IRQHandler   interrupthandler.o
    0x00001ef0   0x00000014   Code   RO         2413    i.PDMA_Open         pdma.o
    0x00001f04   0x00000024   Code   RO         2414    i.PDMA_SetTransferAddr  pdma.o
    0x00001f28   0x00000048   Code   RO         2415    i.PDMA_SetTransferCnt  pdma.o
    0x00001f70   0x00000018   Code   RO         2416    i.PDMA_SetTransferDirection  pdma.o
    0x00001f88   0x000000e8   Code   RO         2417    i.PDMA_SetTransferMode  pdma.o
    0x00002070   0x00000018   Code   RO         2418    i.PDMA_Trigger      pdma.o
    0x00002088   0x00000028   Code   RO         1292    i.PdmaCtrl_Init     pdmactrl.o
    0x000020b0   0x0000009c   Code   RO         1293    i.PdmaCtrl_Open     pdmactrl.o
    0x0000214c   0x00000030   Code   RO         1294    i.PdmaCtrl_Start    pdmactrl.o
    0x0000217c   0x0000001c   Code   RO         1295    i.PdmaCtrl_Stop     pdmactrl.o
    0x00002198   0x00000040   Code   RO         1008    i.Playback_Add      playback.o
    0x000021d8   0x00000044   Code   RO         1009    i.Playback_AdjustVolumeDBStep  playback.o
    0x0000221c   0x00000040   Code   RO         1011    i.Playback_Initiate  playback.o
    0x0000225c   0x0000001c   Code   RO         1012    i.Playback_IsTargetVolume  playback.o
    0x00002278   0x0000002c   Code   RO          358    i.Playback_KeypadHandler  inputkeyactions.o
    0x000022a4   0x0000001e   Code   RO         1014    i.Playback_NeedUpdateOutputBuf  playback.o
    0x000022c2   0x00000002   PAD
    0x000022c4   0x00000104   Code   RO         1016    i.Playback_Process  playback.o
    0x000023c8   0x00000078   Code   RO         1017    i.Playback_ProcessVolume  playback.o
    0x00002440   0x00000024   Code   RO         1019    i.Playback_ResetChannelVolume  playback.o
    0x00002464   0x00000030   Code   RO         1020    i.Playback_SetOutputBuf  playback.o
    0x00002494   0x00000044   Code   RO         1021    i.Playback_SetVolumeDB  playback.o
    0x000024d8   0x000002c4   Code   RO         1022    i.Playback_StartPlay  playback.o
    0x0000279c   0x00000074   Code   RO         1023    i.Playback_StopPlay  playback.o
    0x00002810   0x00000016   Code   RO         1024    i.Playback_UpdateOutputBuf  playback.o
    0x00002826   0x00000002   PAD
    0x00002828   0x0000002c   Code   RO         1026    i.Playback_VolumeFadeOut  playback.o
    0x00002854   0x00000002   Code   RO          406    i.RTC_IRQHandler    interrupthandler.o
    0x00002856   0x00000002   PAD
    0x00002858   0x0000001c   Code   RO         1150    i.Record_Add        record.o
    0x00002874   0x00000028   Code   RO          360    i.Record_KeypadHandler  inputkeyactions.o
    0x0000289c   0x00000080   Code   RO         1151    i.Record_Process    record.o
    0x0000291c   0x00000036   Code   RO         1153    i.Record_SetInBufRecord  record.o
    0x00002952   0x00000002   PAD
    0x00002954   0x00000060   Code   RO         1154    i.Record_StartRec   record.o
    0x000029b4   0x00000020   Code   RO         1155    i.Record_StopRec    record.o
    0x000029d4   0x00000024   Code   RO         1207    i.SPIFlahUtil_StartWriteEncodeData  spiflashutil.o
    0x000029f8   0x00000050   Code   RO         1208    i.SPIFlashUtil_4KPagePartialWriteInitiate  spiflashutil.o
    0x00002a48   0x00000014   Code   RO         1209    i.SPIFlashUtil_4KPagePartialWriteStart  spiflashutil.o
    0x00002a5c   0x0000001a   Code   RO         1210    i.SPIFlashUtil_4KPagePartialWriteWithWait  spiflashutil.o
    0x00002a76   0x00000002   PAD
    0x00002a78   0x000000c4   Code   RO         1211    i.SPIFlashUtil_4KPagePartialWriting  spiflashutil.o
    0x00002b3c   0x00000044   Code   RO         1212    i.SPIFlashUtil_EndWriteEncodeData  spiflashutil.o
    0x00002b80   0x00000036   Code   RO         1213    i.SPIFlashUtil_WriteEncodeData  spiflashutil.o
    0x00002bb6   0x0000000e   Code   RO         1346    i.SPIFlash_CheckBusy  spiflash.o
    0x00002bc4   0x0000001c   Code   RO         1347    i.SPIFlash_ChipWriteEnable  spiflash.o
    0x00002be0   0x00000028   Code   RO         1348    i.SPIFlash_Erase    spiflash.o
    0x00002c08   0x00000018   Code   RO         1351    i.SPIFlash_EraseStart  spiflash.o
    0x00002c20   0x000000f4   Code   RO         1352    i.SPIFlash_GetChipInfo  spiflash.o
    0x00002d14   0x00000088   Code   RO            3    i.SPIFlash_Initiate  main.o
    0x00002d9c   0x00000070   Code   RO         1355    i.SPIFlash_Open     spiflash.o
    0x00002e0c   0x00000014   Code   RO         1356    i.SPIFlash_PowerDown  spiflash.o
    0x00002e20   0x0000001e   Code   RO         1357    i.SPIFlash_Read     spiflash.o
    0x00002e3e   0x000000d4   Code   RO         1358    i.SPIFlash_ReadData  spiflash.o
    0x00002f12   0x00000002   PAD
    0x00002f14   0x0000001c   Code   RO          327    i.SPIFlash_ReadDataCallback  appcallback.o
    0x00002f30   0x00000018   Code   RO         1360    i.SPIFlash_ReadEnd  spiflash.o
    0x00002f48   0x0000006e   Code   RO         1361    i.SPIFlash_ReadStart  spiflash.o
    0x00002fb6   0x0000001a   Code   RO         1362    i.SPIFlash_ReadStatusReg  spiflash.o
    0x00002fd0   0x00000052   Code   RO         1363    i.SPIFlash_SendRecOneData  spiflash.o
    0x00003022   0x00000012   Code   RO         1364    i.SPIFlash_WaitReady  spiflash.o
    0x00003034   0x00000038   Code   RO         1365    i.SPIFlash_Write    spiflash.o
    0x0000306c   0x00000106   Code   RO         1366    i.SPIFlash_WriteData  spiflash.o
    0x00003172   0x00000018   Code   RO         1368    i.SPIFlash_WriteEnd  spiflash.o
    0x0000318a   0x0000005a   Code   RO         1370    i.SPIFlash_WriteStart  spiflash.o
    0x000031e4   0x00000018   Code   RO         2814    i.SPI_GetBusClock   spi.o
    0x000031fc   0x00000028   Code   RO         2816    i.SPI_Open          spi.o
    0x00003224   0x00000050   Code   RO         2817    i.SPI_SetBusClock   spi.o
    0x00003274   0x00000048   Code   RO         2818    i.SPI_SetVarClock   spi.o
    0x000032bc   0x0000003c   Code   RO          914    i.SPK_ChangeSR      micspk.o
    0x000032f8   0x00000078   Code   RO          916    i.SPK_Open          micspk.o
    0x00003370   0x00000024   Code   RO          919    i.SPK_Start         micspk.o
    0x00003394   0x00000014   Code   RO          920    i.SPK_Stop          micspk.o
    0x000033a8   0x00000010   Code   RO         2866    i.SYS_Lock          sys.o
    0x000033b8   0x00000030   Code   RO         2871    i.SYS_ResetModule   sys.o
    0x000033e8   0x00000030   Code   RO         2872    i.SYS_Unlock        sys.o
    0x00003418   0x0000000c   Code   RO         2612    i.SendChar          retarget.o
    0x00003424   0x00000034   Code   RO         2613    i.SendChar_ToUART   retarget.o
    0x00003458   0x00000058   Code   RO         1270    i.SysClk_InitiateRC  sysclk.o
    0x000034b0   0x00000068   Code   RO          601    i.SystemCoreClockUpdate  system_isd9100.o
    0x00003518   0x00000064   Code   RO         2971    i.TIMER_GetModuleClock  timer.o
    0x0000357c   0x00000020   Code   RO         2972    i.TIMER_GetWorkingFreq  timer.o
    0x0000359c   0x00000076   Code   RO         2973    i.TIMER_Open        timer.o
    0x00003612   0x00000002   PAD
    0x00003614   0x00000010   Code   RO          407    i.TMR0_IRQHandler   interrupthandler.o
    0x00003624   0x00000018   Code   RO          408    i.TMR1_IRQHandler   interrupthandler.o
    0x0000363c   0x00000006   Code   RO          328    i.UserEvent_ProcessCallback  appcallback.o
    0x00003642   0x00000002   Code   RO          409    i.WDT_IRQHandler    interrupthandler.o
    0x00003644   0x0000001c   Code   RO         2473    i.__ARM_common_switch8  pdma.o
    0x00003660   0x0000000e   Code   RO         3582    i._is_digit         c_p.l(__printf_wp.o)
    0x0000366e   0x00000018   Code   RO          361    i.delay_ms          inputkeyactions.o
    0x00003686   0x00000002   PAD
    0x00003688   0x00000280   Code   RO         3493    i.f_categorize      NuOneEx_Keil.lib(nuonecodec.o)
    0x00003908   0x000000bc   Code   RO         3327    i.f_dct_type_iv_s_point_transforms_2  NuOneEx_Keil.lib(nuonedecode.o)
    0x000039c4   0x00000150   Code   RO         3328    i.f_dct_type_iv_s_rotation_butterflies  NuOneEx_Keil.lib(nuonedecode.o)
    0x00003b14   0x000000d4   Code   RO         3329    i.f_dct_type_iv_s_sum_diff_butterflies  NuOneEx_Keil.lib(nuonedecode.o)
    0x00003be8   0x000002cc   Code   RO         3330    i.f_decoder         NuOneEx_Keil.lib(nuonedecode.o)
    0x00003eb4   0x00000560   Code   RO         3433    i.f_encoder         NuOneEx_Keil.lib(nuoneencode.o)
    0x00004414   0x00000074   Code   RO         3331    i.f_get_n_bit       NuOneEx_Keil.lib(nuonedecode.o)
    0x00004488   0x000000b0   Code   RO         3332    i.f_look_up_category_5_6  NuOneEx_Keil.lib(nuonedecode.o)
    0x00004538   0x000000a6   Code   RO         3333    i.f_look_up_category_7  NuOneEx_Keil.lib(nuonedecode.o)
    0x000045de   0x00000002   PAD
    0x000045e0   0x00000240   Code   RO         3335    i.f_look_up_category_less_than_7  NuOneEx_Keil.lib(nuonedecode.o)
    0x00004820   0x00000208   Code   RO         3336    i.f_rmlt_coefs_to_samples  NuOneEx_Keil.lib(nuonedecode.o)
    0x00004a28   0x000003fc   Code   RO         3434    i.f_samples_to_rmlt_coefs  NuOneEx_Keil.lib(nuoneencode.o)
    0x00004e24   0x0000017c   Code   RO         3435    i.f_vector_huffman  NuOneEx_Keil.lib(nuoneencode.o)
    0x00004fa0   0x00000008   Code   RO         2615    i.ferror            retarget.o
    0x00004fa8   0x00000010   Code   RO         2617    i.fputc             retarget.o
    0x00004fb8   0x00000074   Code   RO            4    i.main              main.o
    0x0000502c   0x00000000   Code   RO         3628    x$fpl$usenofp       fz_ps.l(usenofp.o)
    0x0000502c   0x00000010   Data   RO          329    .constdata          appcallback.o
    0x0000503c   0x000000fa   Data   RO          862    .constdata          configio.o
    0x00005136   0x00000002   PAD
    0x00005138   0x00000044   Data   RO          921    .constdata          micspk.o
    0x0000517c   0x00000034   Data   RO         1028    .constdata          playback.o
    0x000051b0   0x00000014   Data   RO         2974    .constdata          timer.o
    0x000051c4   0x0000090c   Data   RO         3337    .constdata          NuOneEx_Keil.lib(nuonedecode.o)
    0x00005ad0   0x00000028   Data   RO         3338    .constdata          NuOneEx_Keil.lib(nuonedecode.o)
    0x00005af8   0x00000050   Data   RO         3339    .constdata          NuOneEx_Keil.lib(nuonedecode.o)
    0x00005b48   0x000000a0   Data   RO         3340    .constdata          NuOneEx_Keil.lib(nuonedecode.o)
    0x00005be8   0x00000140   Data   RO         3341    .constdata          NuOneEx_Keil.lib(nuonedecode.o)
    0x00005d28   0x00000280   Data   RO         3342    .constdata          NuOneEx_Keil.lib(nuonedecode.o)
    0x00005fa8   0x0000021c   Data   RO         3343    .constdata          NuOneEx_Keil.lib(nuonedecode.o)
    0x000061c4   0x00000117   Data   RO         3344    .constdata          NuOneEx_Keil.lib(nuonedecode.o)
    0x000062db   0x0000008d   Data   RO         3345    .constdata          NuOneEx_Keil.lib(nuonedecode.o)
    0x00006368   0x00000615   Data   RO         3346    .constdata          NuOneEx_Keil.lib(nuonedecode.o)
    0x0000697d   0x00000270   Data   RO         3347    .constdata          NuOneEx_Keil.lib(nuonedecode.o)
    0x00006bed   0x0000023d   Data   RO         3348    .constdata          NuOneEx_Keil.lib(nuonedecode.o)
    0x00006e2a   0x0000005d   Data   RO         3349    .constdata          NuOneEx_Keil.lib(nuonedecode.o)
    0x00006e87   0x00000001   PAD
    0x00006e88   0x00000984   Data   RO         3436    .constdata          NuOneEx_Keil.lib(nuoneencode.o)
    0x0000780c   0x00000028   Data   RO         3437    .constdata          NuOneEx_Keil.lib(nuoneencode.o)
    0x00007834   0x00000050   Data   RO         3438    .constdata          NuOneEx_Keil.lib(nuoneencode.o)
    0x00007884   0x000000a0   Data   RO         3439    .constdata          NuOneEx_Keil.lib(nuoneencode.o)
    0x00007924   0x00000140   Data   RO         3440    .constdata          NuOneEx_Keil.lib(nuoneencode.o)
    0x00007a64   0x00000280   Data   RO         3441    .constdata          NuOneEx_Keil.lib(nuoneencode.o)
    0x00007ce4   0x000000c4   Data   RO         3442    .constdata          NuOneEx_Keil.lib(nuoneencode.o)
    0x00007da8   0x00000064   Data   RO         3443    .constdata          NuOneEx_Keil.lib(nuoneencode.o)
    0x00007e0c   0x00000031   Data   RO         3444    .constdata          NuOneEx_Keil.lib(nuoneencode.o)
    0x00007e3d   0x00000271   Data   RO         3445    .constdata          NuOneEx_Keil.lib(nuoneencode.o)
    0x000080ae   0x00000100   Data   RO         3446    .constdata          NuOneEx_Keil.lib(nuoneencode.o)
    0x000081ae   0x000000f3   Data   RO         3447    .constdata          NuOneEx_Keil.lib(nuoneencode.o)
    0x000082a1   0x00000020   Data   RO         3448    .constdata          NuOneEx_Keil.lib(nuoneencode.o)
    0x000082c1   0x00000001   PAD
    0x000082c2   0x00000188   Data   RO         3449    .constdata          NuOneEx_Keil.lib(nuoneencode.o)
    0x0000844a   0x000000c8   Data   RO         3450    .constdata          NuOneEx_Keil.lib(nuoneencode.o)
    0x00008512   0x00000062   Data   RO         3451    .constdata          NuOneEx_Keil.lib(nuoneencode.o)
    0x00008574   0x000004e2   Data   RO         3452    .constdata          NuOneEx_Keil.lib(nuoneencode.o)
    0x00008a56   0x00000200   Data   RO         3453    .constdata          NuOneEx_Keil.lib(nuoneencode.o)
    0x00008c56   0x000001e6   Data   RO         3454    .constdata          NuOneEx_Keil.lib(nuoneencode.o)
    0x00008e3c   0x00000040   Data   RO         3455    .constdata          NuOneEx_Keil.lib(nuoneencode.o)
    0x00008e7c   0x00000008   Data   RO         3494    .constdata          NuOneEx_Keil.lib(nuonecodec.o)
    0x00008e84   0x00000020   Data   RO         3791    Region$$Table       anon$$obj.o


    Execution Region _STACK (Base: 0x20000000, Size: 0x00000400, Max: 0xffffffff, ABSOLUTE, UNINIT)

    Base Addr    Size         Type   Attr      Idx    E Section Name        Object

    0x20000000   0x00000400   Zero   RW          631    STACK               startup_isd9100.o


    Execution Region _SRAM (Base: 0x20000400, Size: 0x00001020, Max: 0xffffffff, ABSOLUTE)

    Base Addr    Size         Type   Attr      Idx    E Section Name        Object

    0x20000400   0x00000004   Data   RW            6    .data               main.o
    0x20000404   0x00000001   Data   RW          362    .data               inputkeyactions.o
    0x20000405   0x00000003   PAD
    0x20000408   0x0000001c   Data   RW          603    .data               system_isd9100.o
    0x20000424   0x00000016   Data   RW         1029    .data               playback.o
    0x2000043a   0x00000002   PAD
    0x2000043c   0x00000008   Data   RW         1156    .data               record.o
    0x20000444   0x00000015   Data   RW         1214    .data               spiflashutil.o
    0x20000459   0x00000001   PAD
    0x2000045a   0x0000000a   Data   RW         1538    .data               keypad.o
    0x20000464   0x00000008   Data   RW         2620    .data               retarget.o
    0x2000046c   0x00000cb8   Zero   RW            5    .bss                main.o
    0x20001124   0x00000020   Zero   RW          410    .bss                interrupthandler.o
    0x20001144   0x00000078   Zero   RW         1537    .bss                keypad.o
    0x200011bc   0x00000060   Zero   RW         3666    .bss                c_p.l(libspace.o)
    0x2000121c   0x00000004   PAD
    0x20001220   0x00000200   Zero   RW          632    HEAP                startup_isd9100.o


==============================================================================

Image component sizes


      Code (inc. data)   RO Data    RW Data    ZI Data      Debug   Object Name

       426         54          0          0          0       3990   adc.o
        34          4         16          0          0       1952   appcallback.o
       788        196          0          0          0     109948   appfunctions.o
       140         12          0          0          0       1527   biq.o
        42          0          0          0          0       1045   bufctrl.o
       392         50          0          0          0       4761   clk.o
       392         42        250          0          0      10363   configio.o
        62          8          0          0          0       1101   dpwm.o
        46          0          0          0          0       1043   gpio.o
       668        174          0          1          0       2468   inputkeyactions.o
       168         40          0          0         32     108180   interrupthandler.o
       400         60          0         10        120       6208   keypad.o
       252         32          0          4       3256     115166   main.o
       636         98         68          0          0       5774   micspk.o
       436         16          0          0          0      11272   nuoneexapp_decode.o
       382         14          0          0          0       4331   nuoneexapp_encode.o
       476         52          0          0          0       5518   pdma.o
       292         32          0          0          0       3409   pdmactrl.o
      1676        166         52         22          0      12619   playback.o
         0          0          0          0          0       5724   powerdown.o
       338         46          0          8          0       3957   record.o
        88          4          0          8          0       4300   retarget.o
       216         10          0          0          0       3213   spi.o
      1416          0          0          0          0      14385   spiflash.o
       480         70          0         21          0       8666   spiflashutil.o
        96         46        192          0       1536        632   startup_isd9100.o
       112          8          0          0          0       1578   sys.o
        88         10          0          0          0        708   sysclk.o
       104         30          0         28          0       1573   system_isd9100.o
       250         18         20          0          0       2571   timer.o

    ----------------------------------------------------------------------
     10922       1292        632        108       4944     457982   Object Totals
         0          0         32          0          0          0   (incl. Generated)
        26          0          2          6          0          0   (incl. Padding)

    ----------------------------------------------------------------------

      Code (inc. data)   RO Data    RW Data    ZI Data      Debug   Library Member Name

       640          6          8          0          0       5195   nuonecodec.o
      3104         88       7363          0          0      16664   nuonedecode.o
      2816         80       8179          0          0      11308   nuoneencode.o
       474          6          0          0          0      12332   nuoneex.o
         8          0          0          0          0         68   __main.o
       284          0          0          0          0        136   __printf_wp.o
         0          0          0          0          0          0   __rtentry.o
        12          0          0          0          0          0   __rtentry2.o
         6          0          0          0          0          0   __rtentry4.o
        60          8          0          0          0          0   __scatter.o
        26          0          0          0          0          0   __scatter_copy.o
        28          0          0          0          0          0   __scatter_zi.o
        48          6          0          0          0         88   _printf_char_common.o
        40          6          0          0          0         72   _printf_char_file.o
        10          0          0          0          0          0   _printf_d.o
       108         18          0          0          0         76   _printf_dec.o
       176          0          0          0          0         84   _printf_intcommon.o
         2          0          0          0          0          0   _printf_percent.o
         4          0          0          0          0          0   _printf_percent_end.o
        10          0          0          0          0          0   _printf_u.o
       488          0          0          0          0         92   aeabi_sdivfast.o
        16          0          0          0          0         68   exit.o
         6          0          0          0          0        136   heapauxi.o
         0          0          0          0          0          0   indicate_semi.o
         2          0          0          0          0          0   libinit.o
         2          0          0          0          0          0   libinit2.o
         2          0          0          0          0          0   libshutdown.o
         2          0          0          0          0          0   libshutdown2.o
         8          4          0          0         96         68   libspace.o
        28          6          0          0          0         84   noretval__2printf.o
        64          0          0          0          0        108   rt_memclr.o
        56          0          0          0          0         68   rt_memcpy.o
         2          0          0          0          0          0   rtexit.o
        10          0          0          0          0          0   rtexit2.o
        40          0          0          0          0         60   rtudiv10.o
        12          4          0          0          0         60   sys_exit.o
        62          0          0          0          0         80   sys_stackheap_outer.o
         2          0          0          0          0         68   use_no_semi.o
        72          4          0          0          0         68   dfixui.o
        88          0          0          0          0         92   dflti.o
       584         26          0          0          0         84   dmul.o
         0          0          0          0          0          0   usenofp.o

    ----------------------------------------------------------------------
      9410        262      15552          0        100      47159   Library Totals
         8          0          2          0          4          0   (incl. Padding)

    ----------------------------------------------------------------------

      Code (inc. data)   RO Data    RW Data    ZI Data      Debug   Library Name

      7034        180      15550          0          0      45499   NuOneEx_Keil.lib
      1624         52          0          0         96       1416   c_p.l
       744         30          0          0          0        244   fz_ps.l

    ----------------------------------------------------------------------
      9410        262      15552          0        100      47159   Library Totals

    ----------------------------------------------------------------------

==============================================================================


      Code (inc. data)   RO Data    RW Data    ZI Data      Debug   

     20332       1554      16184        108       5044     497333   Grand Totals
     20332       1554      16184        108       5044     497333   ELF Image Totals
     20332       1554      16184        108          0          0   ROM Totals

==============================================================================

    Total RO  Size (Code + RO Data)                36516 (  35.66kB)
    Total RW  Size (RW Data + ZI Data)              5152 (   5.03kB)
    Total ROM Size (Code + RO Data + RW Data)      36624 (  35.77kB)

==============================================================================

